分类: 🍄┃广东频道, 名称: 广州综合, 有效: 6, IPv4: 33, IPv6: 0, 最小延迟: 1167 ms, 最高速率: 0.46 M/s, 平均速率: 0.42 M/s, 最高分辨率: 1280x720, 平均帧率: 25.00, 视频编解码器: h264, 音频编解码器: aac
分类: 🍄┃广东频道, 名称: 广州新闻, 有效: 5, IPv4: 18, IPv6: 0, 最小延迟: 185 ms, 最高速率: 0.53 M/s, 平均速率: 0.48 M/s, 最高分辨率: 1280x720, 平均帧率: 25.00, 视频编解码器: h264, 音频编解码器: aac
分类: 🍄┃广东频道, 名称: 广州影视, 有效: 0, IPv4: 16, IPv6: 0, 最小延迟: 441 ms, 最高速率: 0.02 M/s, 平均速率: 0.00 M/s, 最高分辨率: None, 平均帧率: 未知, 视频编解码器: 未知, 音频编解码器: 未知
分类: 🍄┃广东频道, 名称: 广州竞赛, 有效: 1, IPv4: 14, IPv6: 0, 最小延迟: 439 ms, 最高速率: 5.84 M/s, 平均速率: 5.84 M/s, 最高分辨率: 1280x720, 平均帧率: 25.00, 视频编解码器: h264, 音频编解码器: aac
分类: 🍄┃广东频道, 名称: 广州法治, 有效: 0, IPv4: 9, IPv6: 0, 最小延迟: -1 ms, 最高速率: 0.00 M/s, 平均速率: 0.00 M/s, 最高分辨率: None, 平均帧率: 未知, 视频编解码器: 未知, 音频编解码器: 未知
分类: 🍄┃广东频道, 名称: 南国都市, 有效: 3, IPv4: 9, IPv6: 0, 最小延迟: 1440 ms, 最高速率: 0.60 M/s, 平均速率: 0.58 M/s, 最高分辨率: 1920x1080, 平均帧率: 50.00, 视频编解码器: h264, 音频编解码器: aac
分类: 🍄┃广东频道, 名称: 广东珠江, 有效: 5, IPv4: 82, IPv6: 0, 最小延迟: 61 ms, 最高速率: 5.31 M/s, 平均速率: 4.71 M/s, 最高分辨率: 3840x2160, 平均帧率: 33.33, 视频编解码器: h264, 音频编解码器: aac
分类: 🍄┃广东频道, 名称: 广东新闻, 有效: 6, IPv4: 39, IPv6: 0, 最小延迟: 288 ms, 最高速率: 7.69 M/s, 平均速率: 5.10 M/s, 最高分辨率: 1920x1080, 平均帧率: 25.00, 视频编解码器: h264, 音频编解码器: mp2
分类: 🍄┃广东频道, 名称: 广东卫视, 有效: 6, IPv4: 176, IPv6: 0, 最小延迟: 32 ms, 最高速率: 41.50 M/s, 平均速率: 16.05 M/s, 最高分辨率: 3840x2160, 平均帧率: 33.33, 视频编解码器: h264, 音频编解码器: aac
分类: 🍄┃广东频道, 名称: 广东民生, 有效: 0, IPv4: 23, IPv6: 0, 最小延迟: 158 ms, 最高速率: 0.27 M/s, 平均速率: 0.00 M/s, 最高分辨率: 1920x1080, 平均帧率: 25.00, 视频编解码器: h264, 音频编解码器: mp2
分类: 🍄┃广东频道, 名称: 大湾区卫视, 有效: 1, IPv4: 47, IPv6: 0, 最小延迟: 220 ms, 最高速率: 0.61 M/s, 平均速率: 0.61 M/s, 最高分辨率: 1920x1080, 平均帧率: 33.33, 视频编解码器: h264, 音频编解码器: mp2
分类: 🍄┃广东频道, 名称: 广东体育, 有效: 6, IPv4: 53, IPv6: 0, 最小延迟: 268 ms, 最高速率: 14.71 M/s, 平均速率: 7.05 M/s, 最高分辨率: 1920x1080, 平均帧率: 50.00, 视频编解码器: h264, 音频编解码器: mp2
分类: 🍄┃广东频道, 名称: 江门综合, 有效: 0, IPv4: 4, IPv6: 0, 最小延迟: 153 ms, 最高速率: 0.15 M/s, 平均速率: 0.00 M/s, 最高分辨率: None, 平均帧率: 未知, 视频编解码器: 未知, 音频编解码器: 未知
分类: 🍄┃广东频道, 名称: 深圳卫视, 有效: 5, IPv4: 134, IPv6: 0, 最小延迟: 384 ms, 最高速率: 12.50 M/s, 平均速率: 8.74 M/s, 最高分辨率: 1920x1080, 平均帧率: 未知, 视频编解码器: 未知, 音频编解码器: 未知
分类: 🍄┃广东频道, 名称: 江门侨乡生活, 有效: 0, IPv4: 4, IPv6: 0, 最小延迟: -1 ms, 最高速率: 0.00 M/s, 平均速率: 0.00 M/s, 最高分辨率: None, 平均帧率: 未知, 视频编解码器: 未知, 音频编解码器: 未知
分类: 🍄┃广东频道, 名称: 佛山综合, 有效: 0, IPv4: 7, IPv6: 0, 最小延迟: 157 ms, 最高速率: 0.17 M/s, 平均速率: 0.00 M/s, 最高分辨率: None, 平均帧率: 未知, 视频编解码器: 未知, 音频编解码器: 未知
分类: 🍄┃广东频道, 名称: 汕头综合, 有效: 0, IPv4: 8, IPv6: 0, 最小延迟: 136 ms, 最高速率: 0.19 M/s, 平均速率: 0.00 M/s, 最高分辨率: None, 平均帧率: 未知, 视频编解码器: 未知, 音频编解码器: 未知
分类: 🍄┃广东频道, 名称: 汕头经济, 有效: 0, IPv4: 6, IPv6: 0, 最小延迟: 150 ms, 最高速率: 0.17 M/s, 平均速率: 0.00 M/s, 最高分辨率: None, 平均帧率: 未知, 视频编解码器: 未知, 音频编解码器: 未知
分类: 🍄┃广东频道, 名称: 汕头文旅, 有效: 0, IPv4: 5, IPv6: 0, 最小延迟: 148 ms, 最高速率: 0.20 M/s, 平均速率: 0.00 M/s, 最高分辨率: None, 平均帧率: 未知, 视频编解码器: 未知, 音频编解码器: 未知
分类: 🍄┃广东频道, 名称: 茂名综合, 有效: 0, IPv4: 4, IPv6: 0, 最小延迟: 170 ms, 最高速率: 0.15 M/s, 平均速率: 0.00 M/s, 最高分辨率: None, 平均帧率: 未知, 视频编解码器: 未知, 音频编解码器: 未知
分类: 🍄┃广东频道, 名称: 茂名公共, 有效: 0, IPv4: 4, IPv6: 0, 最小延迟: 179 ms, 最高速率: 0.17 M/s, 平均速率: 0.00 M/s, 最高分辨率: None, 平均帧率: 未知, 视频编解码器: 未知, 音频编解码器: 未知
分类: 🍄┃广东频道, 名称: 纪实人文, 有效: 0, IPv4: 11, IPv6: 0, 最小延迟: 433 ms, 最高速率: 0.00 M/s, 平均速率: 0.00 M/s, 最高分辨率: None, 平均帧率: 未知, 视频编解码器: 未知, 音频编解码器: 未知
分类: 🍄┃广东频道, 名称: 纪实科教, 有效: 0, IPv4: 4, IPv6: 0, 最小延迟: 10794 ms, 最高速率: 0.00 M/s, 平均速率: 0.00 M/s, 最高分辨率: None, 平均帧率: 未知, 视频编解码器: 未知, 音频编解码器: 未知
分类: 🍄┃广东频道, 名称: 金鹰纪实, 有效: 0, IPv4: 36, IPv6: 0, 最小延迟: 136 ms, 最高速率: 0.36 M/s, 平均速率: 0.00 M/s, 最高分辨率: 1920x1080, 平均帧率: 41.67, 视频编解码器: h264, 音频编解码器: mp2
分类: 🍄┃广东频道, 名称: 超级综艺, 有效: 0, IPv4: 1, IPv6: 0, 最小延迟: -1 ms, 最高速率: 0.00 M/s, 平均速率: 0.00 M/s, 最高分辨率: None, 平均帧率: 未知, 视频编解码器: 未知, 音频编解码器: 未知
分类: 🍉┃咪咕频道, 名称: CCTV-01咪咕, 有效: 5, IPv4: 223, IPv6: 0, 最小延迟: 219 ms, 最高速率: 6.59 M/s, 平均速率: 4.51 M/s, 最高分辨率: 1920x1080, 平均帧率: 42.50, 视频编解码器: h264, 音频编解码器: mp2
分类: 🍉┃咪咕频道, 名称: CCTV-02咪咕, 有效: 5, IPv4: 220, IPv6: 0, 最小延迟: 264 ms, 最高速率: 11.50 M/s, 平均速率: 4.88 M/s, 最高分辨率: 1920x1080, 平均帧率: 50.00, 视频编解码器: h264, 音频编解码器: aac
分类: 🍉┃咪咕频道, 名称: CCTV-03咪咕, 有效: 6, IPv4: 214, IPv6: 0, 最小延迟: 53 ms, 最高速率: 8.77 M/s, 平均速率: 4.76 M/s, 最高分辨率: 1920x1080, 平均帧率: 43.75, 视频编解码器: h264, 音频编解码器: mp2
分类: 🍉┃咪咕频道, 名称: CCTV-04咪咕, 有效: 5, IPv4: 245, IPv6: 0, 最小延迟: 195 ms, 最高速率: 11.30 M/s, 平均速率: 5.25 M/s, 最高分辨率: 1920x1080, 平均帧率: 未知, 视频编解码器: 未知, 音频编解码器: 未知
分类: 🍉┃咪咕频道, 名称: CCTV-05咪咕, 有效: 5, IPv4: 221, IPv6: 0, 最小延迟: 24 ms, 最高速率: 11.20 M/s, 平均速率: 7.08 M/s, 最高分辨率: 1920x1080, 平均帧率: 44.44, 视频编解码器: h264, 音频编解码器: aac
分类: 🍉┃咪咕频道, 名称: CCTV-06咪咕, 有效: 6, IPv4: 219, IPv6: 0, 最小延迟: 91 ms, 最高速率: 13.57 M/s, 平均速率: 8.20 M/s, 最高分辨率: 1920x1080, 平均帧率: 43.75, 视频编解码器: h264, 音频编解码器: mp2
分类: 🍉┃咪咕频道, 名称: CCTV-07咪咕, 有效: 5, IPv4: 209, IPv6: 0, 最小延迟: 315 ms, 最高速率: 9.80 M/s, 平均速率: 6.16 M/s, 最高分辨率: 1920x1080, 平均帧率: 50.00, 视频编解码器: h264, 音频编解码器: aac
分类: 🍉┃咪咕频道, 名称: CCTV-09咪咕, 有效: 5, IPv4: 211, IPv6: 0, 最小延迟: 281 ms, 最高速率: 12.12 M/s, 平均速率: 9.99 M/s, 最高分辨率: 1920x1080, 平均帧率: 未知, 视频编解码器: 未知, 音频编解码器: 未知
分类: 🍉┃咪咕频道, 名称: CCTV-10咪咕, 有效: 5, IPv4: 210, IPv6: 0, 最小延迟: 263 ms, 最高速率: 6.03 M/s, 平均速率: 5.21 M/s, 最高分辨率: 1920x1080, 平均帧率: 未知, 视频编解码器: 未知, 音频编解码器: 未知
分类: 🍉┃咪咕频道, 名称: CCTV-08咪咕, 有效: 5, IPv4: 210, IPv6: 0, 最小延迟: 215 ms, 最高速率: 7.38 M/s, 平均速率: 3.80 M/s, 最高分辨率: 1920x1080, 平均帧率: 37.50, 视频编解码器: h264, 音频编解码器: aac
分类: 🍉┃咪咕频道, 名称: CCTV-11咪咕, 有效: 6, IPv4: 193, IPv6: 0, 最小延迟: 174 ms, 最高速率: 12.02 M/s, 平均速率: 5.93 M/s, 最高分辨率: 1920x1080, 平均帧率: 41.67, 视频编解码器: h264, 音频编解码器: aac
分类: 🍉┃咪咕频道, 名称: CCTV-14咪咕, 有效: 5, IPv4: 206, IPv6: 0, 最小延迟: 323 ms, 最高速率: 9.37 M/s, 平均速率: 8.85 M/s, 最高分辨率: 1280x720, 平均帧率: 未知, 视频编解码器: 未知, 音频编解码器: 未知
分类: 🍉┃咪咕频道, 名称: CCTV-13咪咕, 有效: 5, IPv4: 221, IPv6: 0, 最小延迟: 222 ms, 最高速率: 4.40 M/s, 平均速率: 3.82 M/s, 最高分辨率: 1920x1080, 平均帧率: 未知, 视频编解码器: 未知, 音频编解码器: 未知
分类: 🍉┃咪咕频道, 名称: CCTV-12咪咕, 有效: 5, IPv4: 201, IPv6: 0, 最小延迟: 262 ms, 最高速率: 4.32 M/s, 平均速率: 3.41 M/s, 最高分辨率: 1280x720, 平均帧率: 25.00, 视频编解码器: h264, 音频编解码器: aac
分类: 🍉┃咪咕频道, 名称: CCTV-15咪咕, 有效: 6, IPv4: 214, IPv6: 0, 最小延迟: 86 ms, 最高速率: 10.97 M/s, 平均速率: 6.08 M/s, 最高分辨率: 1920x1080, 平均帧率: 35.00, 视频编解码器: h264, 音频编解码器: aac
分类: 🍉┃咪咕频道, 名称: CCTV-16咪咕, 有效: 5, IPv4: 103, IPv6: 0, 最小延迟: 213 ms, 最高速率: 9.26 M/s, 平均速率: 6.43 M/s, 最高分辨率: 1920x1080, 平均帧率: 25.00, 视频编解码器: h264, 音频编解码器: mp2
分类: 🍉┃咪咕频道, 名称: CCTV-17咪咕, 有效: 5, IPv4: 159, IPv6: 0, 最小延迟: 169 ms, 最高速率: 11.22 M/s, 平均速率: 3.30 M/s, 最高分辨率: 1920x1080, 平均帧率: 25.00, 视频编解码器: h264, 音频编解码器: aac
分类: 🍉┃咪咕频道, 名称: CCTV4欧洲咪咕, 有效: 0, IPv4: 18, IPv6: 0, 最小延迟: 228 ms, 最高速率: 0.00 M/s, 平均速率: 0.00 M/s, 最高分辨率: 1280x720, 平均帧率: 未知, 视频编解码器: 未知, 音频编解码器: 未知
分类: 🍉┃咪咕频道, 名称: CCTV4美洲咪咕, 有效: 0, IPv4: 16, IPv6: 0, 最小延迟: 215 ms, 最高速率: 0.00 M/s, 平均速率: 0.00 M/s, 最高分辨率: None, 平均帧率: 未知, 视频编解码器: 未知, 音频编解码器: 未知
分类: 🍉┃咪咕频道, 名称: CCTV-5+咪咕, 有效: 5, IPv4: 155, IPv6: 0, 最小延迟: 213 ms, 最高速率: 0.66 M/s, 平均速率: 0.58 M/s, 最高分辨率: 1920x1080, 平均帧率: 34.62, 视频编解码器: h264, 音频编解码器: mp2
分类: 🍉┃咪咕频道, 名称: 东方卫视咪咕, 有效: 0, IPv4: 5, IPv6: 0, 最小延迟: 213 ms, 最高速率: 0.00 M/s, 平均速率: 0.00 M/s, 最高分辨率: None, 平均帧率: 未知, 视频编解码器: 未知, 音频编解码器: 未知
分类: 🍉┃咪咕频道, 名称: 江苏卫视咪咕, 有效: 0, IPv4: 5, IPv6: 0, 最小延迟: 214 ms, 最高速率: 0.00 M/s, 平均速率: 0.00 M/s, 最高分辨率: None, 平均帧率: 未知, 视频编解码器: 未知, 音频编解码器: 未知
分类: 🍉┃咪咕频道, 名称: 陕西卫视咪咕, 有效: 0, IPv4: 5, IPv6: 0, 最小延迟: 216 ms, 最高速率: 0.05 M/s, 平均速率: 0.00 M/s, 最高分辨率: None, 平均帧率: 未知, 视频编解码器: 未知, 音频编解码器: 未知
分类: 🍉┃咪咕频道, 名称: 湖北卫视咪咕, 有效: 0, IPv4: 5, IPv6: 0, 最小延迟: 215 ms, 最高速率: 0.00 M/s, 平均速率: 0.00 M/s, 最高分辨率: None, 平均帧率: 未知, 视频编解码器: 未知, 音频编解码器: 未知
分类: 🍉┃咪咕频道, 名称: 江西卫视咪咕, 有效: 0, IPv4: 5, IPv6: 0, 最小延迟: 219 ms, 最高速率: 0.00 M/s, 平均速率: 0.00 M/s, 最高分辨率: None, 平均帧率: 未知, 视频编解码器: 未知, 音频编解码器: 未知
分类: 🍉┃咪咕频道, 名称: 海南卫视咪咕, 有效: 0, IPv4: 5, IPv6: 0, 最小延迟: 215 ms, 最高速率: 0.00 M/s, 平均速率: 0.00 M/s, 最高分辨率: None, 平均帧率: 未知, 视频编解码器: 未知, 音频编解码器: 未知
分类: 🍓┃央视频道, 名称: CETV-1, 有效: 4, IPv4: 65, IPv6: 0, 最小延迟: 313 ms, 最高速率: 13.92 M/s, 平均速率: 12.54 M/s, 最高分辨率: 1920x1080, 平均帧率: 31.25, 视频编解码器: h264, 音频编解码器: aac
分类: 🍓┃央视频道, 名称: CETV-2, 有效: 0, IPv4: 41, IPv6: 0, 最小延迟: 334 ms, 最高速率: 8.43 M/s, 平均速率: 0.00 M/s, 最高分辨率: 1280x720, 平均帧率: 25.00, 视频编解码器: h264, 音频编解码器: aac
分类: 🍓┃央视频道, 名称: CETV-3, 有效: 2, IPv4: 10, IPv6: 0, 最小延迟: 301 ms, 最高速率: 8.97 M/s, 平均速率: 8.69 M/s, 最高分辨率: 1280x720, 平均帧率: 25.00, 视频编解码器: h264, 音频编解码器: aac
分类: 🐧┃卫视频道, 名称: 东方卫视, 有效: 5, IPv4: 168, IPv6: 0, 最小延迟: 356 ms, 最高速率: 12.92 M/s, 平均速率: 10.01 M/s, 最高分辨率: 1920x1080, 平均帧率: 未知, 视频编解码器: 未知, 音频编解码器: 未知
分类: 🐧┃卫视频道, 名称: 浙江卫视, 有效: 5, IPv4: 143, IPv6: 0, 最小延迟: 300 ms, 最高速率: 12.51 M/s, 平均速率: 10.88 M/s, 最高分辨率: 1920x1080, 平均帧率: 未知, 视频编解码器: 未知, 音频编解码器: 未知
分类: 🍓┃央视频道, 名称: CETV-4, 有效: 1, IPv4: 48, IPv6: 0, 最小延迟: 282 ms, 最高速率: 8.73 M/s, 平均速率: 2.93 M/s, 最高分辨率: 1920x1080, 平均帧率: 25.00, 视频编解码器: h264, 音频编解码器: aac
分类: 🐧┃卫视频道, 名称: 香港卫视, 有效: 1, IPv4: 9, IPv6: 0, 最小延迟: 9176 ms, 最高速率: 0.50 M/s, 平均速率: 0.50 M/s, 最高分辨率: 1280x720, 平均帧率: 未知, 视频编解码器: 未知, 音频编解码器: 未知
分类: 🐧┃卫视频道, 名称: 湖南卫视, 有效: 5, IPv4: 159, IPv6: 0, 最小延迟: 201 ms, 最高速率: 11.81 M/s, 平均速率: 8.59 M/s, 最高分辨率: 3840x2160, 平均帧率: 未知, 视频编解码器: 未知, 音频编解码器: 未知
分类: 🐧┃卫视频道, 名称: 江苏卫视, 有效: 5, IPv4: 164, IPv6: 0, 最小延迟: 328 ms, 最高速率: 12.96 M/s, 平均速率: 11.43 M/s, 最高分辨率: 1920x1080, 平均帧率: 未知, 视频编解码器: 未知, 音频编解码器: 未知
分类: 🐧┃卫视频道, 名称: 湖北卫视, 有效: 5, IPv4: 165, IPv6: 0, 最小延迟: 331 ms, 最高速率: 12.90 M/s, 平均速率: 10.24 M/s, 最高分辨率: 1920x1080, 平均帧率: 未知, 视频编解码器: 未知, 音频编解码器: 未知
分类: 🐧┃卫视频道, 名称: 北京卫视, 有效: 5, IPv4: 181, IPv6: 0, 最小延迟: 311 ms, 最高速率: 12.73 M/s, 平均速率: 10.42 M/s, 最高分辨率: 1920x1080, 平均帧率: 50.00, 视频编解码器: h264, 音频编解码器: ac3
分类: 🐧┃卫视频道, 名称: 黑龙江卫视, 有效: 5, IPv4: 88, IPv6: 0, 最小延迟: 339 ms, 最高速率: 12.38 M/s, 平均速率: 9.44 M/s, 最高分辨率: 1920x1080, 平均帧率: 未知, 视频编解码器: 未知, 音频编解码器: 未知
分类: 🐧┃卫视频道, 名称: 安徽卫视, 有效: 5, IPv4: 97, IPv6: 0, 最小延迟: 222 ms, 最高速率: 12.29 M/s, 平均速率: 9.90 M/s, 最高分辨率: 1920x1080, 平均帧率: 42.86, 视频编解码器: h264, 音频编解码器: mp2
分类: 🐧┃卫视频道, 名称: 重庆卫视, 有效: 5, IPv4: 123, IPv6: 0, 最小延迟: 345 ms, 最高速率: 14.17 M/s, 平均速率: 8.24 M/s, 最高分辨率: 1920x1080, 平均帧率: 25.00, 视频编解码器: h264, 音频编解码器: mp2
分类: 🐧┃卫视频道, 名称: 东南卫视, 有效: 5, IPv4: 144, IPv6: 0, 最小延迟: 378 ms, 最高速率: 11.74 M/s, 平均速率: 8.56 M/s, 最高分辨率: 1920x1080, 平均帧率: 37.50, 视频编解码器: h264, 音频编解码器: aac
分类: 🐧┃卫视频道, 名称: 甘肃卫视, 有效: 2, IPv4: 60, IPv6: 0, 最小延迟: 212 ms, 最高速率: 9.15 M/s, 平均速率: 0.79 M/s, 最高分辨率: 1920x1080, 平均帧率: 28.95, 视频编解码器: h264, 音频编解码器: mp2
分类: 🐧┃卫视频道, 名称: 广西卫视, 有效: 5, IPv4: 126, IPv6: 0, 最小延迟: 216 ms, 最高速率: 11.80 M/s, 平均速率: 8.27 M/s, 最高分辨率: 1920x1080, 平均帧率: 28.57, 视频编解码器: h264, 音频编解码器: mp2
分类: 🐧┃卫视频道, 名称: 贵州卫视, 有效: 5, IPv4: 89, IPv6: 0, 最小延迟: 227 ms, 最高速率: 11.81 M/s, 平均速率: 7.62 M/s, 最高分辨率: 1920x1080, 平均帧率: 45.83, 视频编解码器: h264, 音频编解码器: mp2
分类: 🐧┃卫视频道, 名称: 海南卫视, 有效: 5, IPv4: 126, IPv6: 0, 最小延迟: 339 ms, 最高速率: 11.55 M/s, 平均速率: 2.83 M/s, 最高分辨率: 1920x1080, 平均帧率: 未知, 视频编解码器: 未知, 音频编解码器: 未知
分类: 🐧┃卫视频道, 名称: 河北卫视, 有效: 5, IPv4: 139, IPv6: 0, 最小延迟: 228 ms, 最高速率: 11.16 M/s, 平均速率: 7.58 M/s, 最高分辨率: 1920x1080, 平均帧率: 30.77, 视频编解码器: h264, 音频编解码器: mp2
分类: 🐧┃卫视频道, 名称: 河南卫视, 有效: 5, IPv4: 165, IPv6: 0, 最小延迟: 346 ms, 最高速率: 11.82 M/s, 平均速率: 7.84 M/s, 最高分辨率: 1920x1080, 平均帧率: 50.00, 视频编解码器: h264, 音频编解码器: mp2
分类: 🐧┃卫视频道, 名称: 吉林卫视, 有效: 5, IPv4: 102, IPv6: 0, 最小延迟: 228 ms, 最高速率: 13.79 M/s, 平均速率: 10.20 M/s, 最高分辨率: 1920x1080, 平均帧率: 37.50, 视频编解码器: h264, 音频编解码器: mp2
分类: 🐧┃卫视频道, 名称: 江西卫视, 有效: 5, IPv4: 156, IPv6: 0, 最小延迟: 356 ms, 最高速率: 12.89 M/s, 平均速率: 9.05 M/s, 最高分辨率: 1920x1080, 平均帧率: 25.00, 视频编解码器: h264, 音频编解码器: mp2
分类: 🐧┃卫视频道, 名称: 内蒙古卫视, 有效: 5, IPv4: 61, IPv6: 0, 最小延迟: 372 ms, 最高速率: 11.91 M/s, 平均速率: 7.05 M/s, 最高分辨率: 1920x1080, 平均帧率: 25.00, 视频编解码器: h264, 音频编解码器: mp2
分类: 🐧┃卫视频道, 名称: 辽宁卫视, 有效: 5, IPv4: 111, IPv6: 0, 最小延迟: 365 ms, 最高速率: 11.41 M/s, 平均速率: 8.83 M/s, 最高分辨率: 1920x1080, 平均帧率: 未知, 视频编解码器: 未知, 音频编解码器: 未知
分类: 🐧┃卫视频道, 名称: 宁夏卫视, 有效: 5, IPv4: 79, IPv6: 0, 最小延迟: 10213 ms, 最高速率: 1.30 M/s, 平均速率: 0.85 M/s, 最高分辨率: 1920x1080, 平均帧率: 50.00, 视频编解码器: h264, 音频编解码器: mp2
分类: 🐧┃卫视频道, 名称: 青海卫视, 有效: 5, IPv4: 88, IPv6: 0, 最小延迟: 320 ms, 最高速率: 14.33 M/s, 平均速率: 10.44 M/s, 最高分辨率: 1920x1080, 平均帧率: 未知, 视频编解码器: 未知, 音频编解码器: 未知
分类: 🐧┃卫视频道, 名称: 山东卫视, 有效: 6, IPv4: 94, IPv6: 0, 最小延迟: 49 ms, 最高速率: 11.72 M/s, 平均速率: 8.37 M/s, 最高分辨率: 1920x1080, 平均帧率: 37.50, 视频编解码器: h264, 音频编解码器: mp2
分类: 🐧┃卫视频道, 名称: 陕西卫视, 有效: 5, IPv4: 88, IPv6: 0, 最小延迟: 377 ms, 最高速率: 12.78 M/s, 平均速率: 10.49 M/s, 最高分辨率: 1920x1080, 平均帧率: 未知, 视频编解码器: 未知, 音频编解码器: 未知
分类: 🐧┃卫视频道, 名称: 山西卫视, 有效: 5, IPv4: 60, IPv6: 0, 最小延迟: 661 ms, 最高速率: 7.86 M/s, 平均速率: 4.63 M/s, 最高分辨率: 1920x1080, 平均帧率: 25.00, 视频编解码器: h264, 音频编解码器: mp2
分类: 🐧┃卫视频道, 名称: 三沙卫视, 有效: 5, IPv4: 46, IPv6: 0, 最小延迟: 420 ms, 最高速率: 12.54 M/s, 平均速率: 6.75 M/s, 最高分辨率: 1920x1080, 平均帧率: 25.00, 视频编解码器: h264, 音频编解码器: aac
分类: 🐧┃卫视频道, 名称: 四川卫视, 有效: 6, IPv4: 140, IPv6: 0, 最小延迟: 351 ms, 最高速率: 12.29 M/s, 平均速率: 5.72 M/s, 最高分辨率: 3840x2160, 平均帧率: 未知, 视频编解码器: 未知, 音频编解码器: 未知
分类: 🐧┃卫视频道, 名称: 天津卫视, 有效: 6, IPv4: 90, IPv6: 0, 最小延迟: 91 ms, 最高速率: 12.17 M/s, 平均速率: 9.07 M/s, 最高分辨率: 1920x1080, 平均帧率: 37.50, 视频编解码器: h264, 音频编解码器: mp2
分类: 🐧┃卫视频道, 名称: 西藏卫视, 有效: 6, IPv4: 56, IPv6: 0, 最小延迟: 355 ms, 最高速率: 11.96 M/s, 平均速率: 7.85 M/s, 最高分辨率: 1920x1080, 平均帧率: 50.00, 视频编解码器: h264, 音频编解码器: mp2
分类: 🐧┃卫视频道, 名称: 新疆卫视, 有效: 5, IPv4: 66, IPv6: 0, 最小延迟: 332 ms, 最高速率: 12.63 M/s, 平均速率: 7.90 M/s, 最高分辨率: 1920x1080, 平均帧率: 50.00, 视频编解码器: h264, 音频编解码器: mp2
分类: 🐧┃卫视频道, 名称: 云南卫视, 有效: 5, IPv4: 72, IPv6: 0, 最小延迟: 341 ms, 最高速率: 11.74 M/s, 平均速率: 8.50 M/s, 最高分辨率: 1920x1080, 平均帧率: 50.00, 视频编解码器: h264, 音频编解码器: mp2
分类: 🚂┃湾区频道, 名称: 翡翠台 backup, 有效: 0, IPv4: 2, IPv6: 0, 最小延迟: -1 ms, 最高速率: 0.00 M/s, 平均速率: 0.00 M/s, 最高分辨率: None, 平均帧率: 未知, 视频编解码器: 未知, 音频编解码器: 未知
分类: 🚂┃湾区频道, 名称: iNews 新闻台, 有效: 0, IPv4: 1, IPv6: 0, 最小延迟: -1 ms, 最高速率: 0.00 M/s, 平均速率: 0.00 M/s, 最高分辨率: None, 平均帧率: 未知, 视频编解码器: 未知, 音频编解码器: 未知
分类: 🚂┃湾区频道, 名称: J 2, 有效: 0, IPv4: 1, IPv6: 0, 最小延迟: -1 ms, 最高速率: 0.00 M/s, 平均速率: 0.00 M/s, 最高分辨率: None, 平均帧率: 未知, 视频编解码器: 未知, 音频编解码器: 未知
分类: 🚂┃湾区频道, 名称: 珍珠台, 有效: 0, IPv4: 1, IPv6: 0, 最小延迟: -1 ms, 最高速率: 0.00 M/s, 平均速率: 0.00 M/s, 最高分辨率: None, 平均帧率: 未知, 视频编解码器: 未知, 音频编解码器: 未知
分类: 🚂┃湾区频道, 名称: 翡翠台, 有效: 2, IPv4: 36, IPv6: 0, 最小延迟: 51 ms, 最高速率: 32.59 M/s, 平均速率: 17.14 M/s, 最高分辨率: 1920x1080, 平均帧率: 30.71, 视频编解码器: h264, 音频编解码器: aac
分类: 🚂┃湾区频道, 名称: RHK 31, 有效: 0, IPv4: 2, IPv6: 0, 最小延迟: -1 ms, 最高速率: 0.00 M/s, 平均速率: 0.00 M/s, 最高分辨率: None, 平均帧率: 未知, 视频编解码器: 未知, 音频编解码器: 未知
分类: 🚂┃湾区频道, 名称: VIUTV1, 有效: 0, IPv4: 2, IPv6: 0, 最小延迟: -1 ms, 最高速率: 0.00 M/s, 平均速率: 0.00 M/s, 最高分辨率: None, 平均帧率: 未知, 视频编解码器: 未知, 音频编解码器: 未知
分类: 🚂┃湾区频道, 名称: RHK 32, 有效: 0, IPv4: 2, IPv6: 0, 最小延迟: -1 ms, 最高速率: 0.00 M/s, 平均速率: 0.00 M/s, 最高分辨率: None, 平均帧率: 未知, 视频编解码器: 未知, 音频编解码器: 未知
分类: 🚂┃湾区频道, 名称: HOY资讯台, 有效: 0, IPv4: 6, IPv6: 0, 最小延迟: 188 ms, 最高速率: 0.20 M/s, 平均速率: 0.00 M/s, 最高分辨率: 1920x1080, 平均帧率: 40.00, 视频编解码器: h264, 音频编解码器: aac
分类: 🚂┃湾区频道, 名称: 凤凰卫视, 有效: 2, IPv4: 7, IPv6: 0, 最小延迟: 187 ms, 最高速率: 1.88 M/s, 平均速率: 0.84 M/s, 最高分辨率: 1920x1080, 平均帧率: 27.50, 视频编解码器: h264, 音频编解码器: aac
分类: 🚂┃湾区频道, 名称: 凤凰香港, 有效: 1, IPv4: 22, IPv6: 0, 最小延迟: 164 ms, 最高速率: 16.36 M/s, 平均速率: 16.36 M/s, 最高分辨率: 1920x1080, 平均帧率: 28.33, 视频编解码器: h264, 音频编解码器: aac
分类: 🚂┃湾区频道, 名称: Viu6, 有效: 0, IPv4: 2, IPv6: 0, 最小延迟: -1 ms, 最高速率: 0.00 M/s, 平均速率: 0.00 M/s, 最高分辨率: None, 平均帧率: 未知, 视频编解码器: 未知, 音频编解码器: 未知
分类: 🚂┃湾区频道, 名称: 凤凰资讯, 有效: 4, IPv4: 25, IPv6: 0, 最小延迟: 303 ms, 最高速率: 18.90 M/s, 平均速率: 5.23 M/s, 最高分辨率: 1920x1080, 平均帧率: 28.75, 视频编解码器: h264, 音频编解码器: mp2
分类: 🚂┃湾区频道, 名称: 公视, 有效: 1, IPv4: 10, IPv6: 0, 最小延迟: 283 ms, 最高速率: 7.33 M/s, 平均速率: 7.33 M/s, 最高分辨率: 1920x1080, 平均帧率: 29.97, 视频编解码器: hevc, 音频编解码器: aac
分类: 🚂┃湾区频道, 名称: 民视, 有效: 2, IPv4: 7, IPv6: 0, 最小延迟: 316 ms, 最高速率: 7.46 M/s, 平均速率: 4.52 M/s, 最高分辨率: 1920x1080, 平均帧率: 29.49, 视频编解码器: h264, 音频编解码器: aac
分类: 🚂┃湾区频道, 名称: 中视, 有效: 2, IPv4: 16, IPv6: 0, 最小延迟: 341 ms, 最高速率: 12.12 M/s, 平均速率: 6.71 M/s, 最高分辨率: 1920x1080, 平均帧率: 27.49, 视频编解码器: h264, 音频编解码器: aac
分类: 🚂┃湾区频道, 名称: 华视, 有效: 1, IPv4: 14, IPv6: 0, 最小延迟: 306 ms, 最高速率: 7.07 M/s, 平均速率: 7.07 M/s, 最高分辨率: 1920x1080, 平均帧率: 29.49, 视频编解码器: h264, 音频编解码器: aac
分类: 🚂┃湾区频道, 名称: 寰宇, 有效: 0, IPv4: 1, IPv6: 0, 最小延迟: -1 ms, 最高速率: 0.00 M/s, 平均速率: 0.00 M/s, 最高分辨率: None, 平均帧率: 未知, 视频编解码器: 未知, 音频编解码器: 未知
分类: 🚂┃湾区频道, 名称: tvbs, 有效: 1, IPv4: 2, IPv6: 0, 最小延迟: 6378 ms, 最高速率: 0.31 M/s, 平均速率: 0.31 M/s, 最高分辨率: 1280x720, 平均帧率: 未知, 视频编解码器: 未知, 音频编解码器: 未知
分类: 🚂┃湾区频道, 名称: 台视, 有效: 2, IPv4: 11, IPv6: 0, 最小延迟: 308 ms, 最高速率: 7.20 M/s, 平均速率: 3.75 M/s, 最高分辨率: 1920x1080, 平均帧率: 29.00, 视频编解码器: h264, 音频编解码器: aac
分类: 🚂┃湾区频道, 名称: PopC, 有效: 0, IPv4: 8, IPv6: 0, 最小延迟: -1 ms, 最高速率: 0.00 M/s, 平均速率: 0.00 M/s, 最高分辨率: None, 平均帧率: 未知, 视频编解码器: 未知, 音频编解码器: 未知
分类: 🚂┃湾区频道, 名称: J2, 有效: 0, IPv4: 1, IPv6: 0, 最小延迟: -1 ms, 最高速率: 0.00 M/s, 平均速率: 0.00 M/s, 最高分辨率: None, 平均帧率: 未知, 视频编解码器: 未知, 音频编解码器: 未知
分类: 🚂┃湾区频道, 名称: tvN, 有效: 1, IPv4: 8, IPv6: 0, 最小延迟: 50 ms, 最高速率: 0.26 M/s, 平均速率: 0.26 M/s, 最高分辨率: 1280x720, 平均帧率: 未知, 视频编解码器: 未知, 音频编解码器: 未知
分类: 🚂┃湾区频道, 名称: 无线明珠, 有效: 0, IPv4: 1, IPv6: 0, 最小延迟: -1 ms, 最高速率: 0.00 M/s, 平均速率: 0.00 M/s, 最高分辨率: None, 平均帧率: 未知, 视频编解码器: 未知, 音频编解码器: 未知
分类: 🚂┃湾区频道, 名称: 凤凰中文, 有效: 2, IPv4: 30, IPv6: 0, 最小延迟: 188 ms, 最高速率: 21.51 M/s, 平均速率: 11.13 M/s, 最高分辨率: 1920x1080, 平均帧率: 34.17, 视频编解码器: h264, 音频编解码器: mp2
分类: 🚂┃湾区频道, 名称: 明珠台, 有效: 0, IPv4: 11, IPv6: 0, 最小延迟: 55 ms, 最高速率: 0.31 M/s, 平均速率: 0.00 M/s, 最高分辨率: 1280x720, 平均帧率: 27.50, 视频编解码器: h264, 音频编解码器: aac
分类: 🚂┃湾区频道, 名称: 有线新闻, 有效: 2, IPv4: 3, IPv6: 0, 最小延迟: 1732 ms, 最高速率: 0.24 M/s, 平均速率: 0.23 M/s, 最高分辨率: 1280x720, 平均帧率: 未知, 视频编解码器: 未知, 音频编解码器: 未知
分类: 🚂┃湾区频道, 名称: 無線新聞台, 有效: 0, IPv4: 23, IPv6: 0, 最小延迟: 65 ms, 最高速率: 1.89 M/s, 平均速率: 0.00 M/s, 最高分辨率: 1280x720, 平均帧率: 30.00, 视频编解码器: h264, 音频编解码器: aac
分类: 🚂┃湾区频道, 名称: now新闻, 有效: 0, IPv4: 1, IPv6: 0, 最小延迟: -1 ms, 最高速率: 0.00 M/s, 平均速率: 0.00 M/s, 最高分辨率: None, 平均帧率: 未知, 视频编解码器: 未知, 音频编解码器: 未知
分类: 🚂┃湾区频道, 名称: 寰宇新聞台, 有效: 0, IPv4: 3, IPv6: 0, 最小延迟: 246 ms, 最高速率: 0.00 M/s, 平均速率: 0.00 M/s, 最高分辨率: None, 平均帧率: 未知, 视频编解码器: 未知, 音频编解码器: 未知
分类: 🚂┃湾区频道, 名称: TVBS欢乐, 有效: 0, IPv4: 1, IPv6: 0, 最小延迟: -1 ms, 最高速率: 0.00 M/s, 平均速率: 0.00 M/s, 最高分辨率: None, 平均帧率: 未知, 视频编解码器: 未知, 音频编解码器: 未知
分类: 🚂┃湾区频道, 名称: TVBS新闻, 有效: 1, IPv4: 7, IPv6: 0, 最小延迟: 85 ms, 最高速率: 0.36 M/s, 平均速率: 0.36 M/s, 最高分辨率: 1920x1080, 平均帧率: 30.10, 视频编解码器: h264, 音频编解码器: aac
分类: 🚂┃湾区频道, 名称: 翡翠综合台(北美), 有效: 0, IPv4: 1, IPv6: 0, 最小延迟: -1 ms, 最高速率: 0.00 M/s, 平均速率: 0.00 M/s, 最高分辨率: None, 平均帧率: 未知, 视频编解码器: 未知, 音频编解码器: 未知
分类: 🚂┃湾区频道, 名称: ROCK Action, 有效: 0, IPv4: 7, IPv6: 0, 最小延迟: -1 ms, 最高速率: 0.00 M/s, 平均速率: 0.00 M/s, 最高分辨率: None, 平均帧率: 未知, 视频编解码器: 未知, 音频编解码器: 未知
分类: 🚂┃湾区频道, 名称: 美亚电影粤, 有效: 0, IPv4: 1, IPv6: 0, 最小延迟: -1 ms, 最高速率: 0.00 M/s, 平均速率: 0.00 M/s, 最高分辨率: None, 平均帧率: 未知, 视频编解码器: 未知, 音频编解码器: 未知
分类: 🚂┃湾区频道, 名称: 美亚电影台, 有效: 0, IPv4: 5, IPv6: 0, 最小延迟: 188 ms, 最高速率: 0.19 M/s, 平均速率: 0.00 M/s, 最高分辨率: 1280x720, 平均帧率: 27.50, 视频编解码器: h264, 音频编解码器: aac
分类: 🚂┃湾区频道, 名称: TVB星河, 有效: 0, IPv4: 4, IPv6: 0, 最小延迟: 704 ms, 最高速率: 0.06 M/s, 平均速率: 0.00 M/s, 最高分辨率: None, 平均帧率: 未知, 视频编解码器: 未知, 音频编解码器: 未知
分类: 🚂┃湾区频道, 名称: HOYTV, 有效: 0, IPv4: 3, IPv6: 0, 最小延迟: 188 ms, 最高速率: 0.19 M/s, 平均速率: 0.00 M/s, 最高分辨率: 1920x1080, 平均帧率: 40.00, 视频编解码器: h264, 音频编解码器: aac
分类: 🚂┃湾区频道, 名称: 千禧经典台, 有效: 0, IPv4: 1, IPv6: 0, 最小延迟: -1 ms, 最高速率: 0.00 M/s, 平均速率: 0.00 M/s, 最高分辨率: None, 平均帧率: 未知, 视频编解码器: 未知, 音频编解码器: 未知
分类: 🚂┃湾区频道, 名称: Animax, 有效: 0, IPv4: 7, IPv6: 0, 最小延迟: -1 ms, 最高速率: 0.00 M/s, 平均速率: 0.00 M/s, 最高分辨率: None, 平均帧率: 未知, 视频编解码器: 未知, 音频编解码器: 未知
分类: 🚂┃湾区频道, 名称: 三立台湾, 有效: 0, IPv4: 2, IPv6: 0, 最小延迟: 649 ms, 最高速率: 0.06 M/s, 平均速率: 0.00 M/s, 最高分辨率: 1920x1080, 平均帧率: 30.00, 视频编解码器: h264, 音频编解码器: aac
分类: 🚂┃湾区频道, 名称: TVB Plus, 有效: 1, IPv4: 12, IPv6: 0, 最小延迟: 282 ms, 最高速率: 20.42 M/s, 平均速率: 20.42 M/s, 最高分辨率: 1920x1080, 平均帧率: 未知, 视频编解码器: 未知, 音频编解码器: 未知
分类: 🚂┃湾区频道, 名称: Hoy 78, 有效: 0, IPv4: 1, IPv6: 0, 最小延迟: -1 ms, 最高速率: 0.00 M/s, 平均速率: 0.00 M/s, 最高分辨率: None, 平均帧率: 未知, 视频编解码器: 未知, 音频编解码器: 未知
分类: 🚂┃湾区频道, 名称: 东森超视, 有效: 2, IPv4: 3, IPv6: 0, 最小延迟: 1552 ms, 最高速率: 0.83 M/s, 平均速率: 0.73 M/s, 最高分辨率: 1920x1080, 平均帧率: 未知, 视频编解码器: 未知, 音频编解码器: 未知
分类: 🚂┃湾区频道, 名称: 三立新闻, 有效: 1, IPv4: 4, IPv6: 0, 最小延迟: 74 ms, 最高速率: 0.64 M/s, 平均速率: 0.64 M/s, 最高分辨率: 1920x1080, 平均帧率: 29.97, 视频编解码器: h264, 音频编解码器: aac
分类: 🚂┃湾区频道, 名称: Now华剧, 有效: 0, IPv4: 1, IPv6: 0, 最小延迟: -1 ms, 最高速率: 0.00 M/s, 平均速率: 0.00 M/s, 最高分辨率: None, 平均帧率: 未知, 视频编解码器: 未知, 音频编解码器: 未知
分类: 🚂┃湾区频道, 名称: 东森综合, 有效: 0, IPv4: 5, IPv6: 0, 最小延迟: 717 ms, 最高速率: 0.06 M/s, 平均速率: 0.00 M/s, 最高分辨率: 1920x1080, 平均帧率: 30.00, 视频编解码器: h264, 音频编解码器: aac
分类: 🚂┃湾区频道, 名称: 靖天電影台, 有效: 0, IPv4: 1, IPv6: 0, 最小延迟: -1 ms, 最高速率: 0.00 M/s, 平均速率: 0.00 M/s, 最高分辨率: None, 平均帧率: 未知, 视频编解码器: 未知, 音频编解码器: 未知
分类: 🚂┃湾区频道, 名称: 星卫娱乐, 有效: 0, IPv4: 1, IPv6: 0, 最小延迟: -1 ms, 最高速率: 0.00 M/s, 平均速率: 0.00 M/s, 最高分辨率: None, 平均帧率: 未知, 视频编解码器: 未知, 音频编解码器: 未知
分类: 🚂┃湾区频道, 名称: 东森电影, 有效: 1, IPv4: 6, IPv6: 0, 最小延迟: 66 ms, 最高速率: 25.99 M/s, 平均速率: 25.99 M/s, 最高分辨率: 1920x1080, 平均帧率: 30.00, 视频编解码器: h264, 音频编解码器: aac
分类: 🚂┃湾区频道, 名称: Now剧集, 有效: 0, IPv4: 2, IPv6: 0, 最小延迟: -1 ms, 最高速率: 0.00 M/s, 平均速率: 0.00 M/s, 最高分辨率: None, 平均帧率: 未知, 视频编解码器: 未知, 音频编解码器: 未知
分类: 🚂┃湾区频道, 名称: 靖天资讯, 有效: 0, IPv4: 4, IPv6: 0, 最小延迟: -1 ms, 最高速率: 0.00 M/s, 平均速率: 0.00 M/s, 最高分辨率: None, 平均帧率: 未知, 视频编解码器: 未知, 音频编解码器: 未知
分类: 🚂┃湾区频道, 名称: Now星影台, 有效: 0, IPv4: 4, IPv6: 0, 最小延迟: 246 ms, 最高速率: 0.00 M/s, 平均速率: 0.00 M/s, 最高分辨率: None, 平均帧率: 未知, 视频编解码器: 未知, 音频编解码器: 未知
分类: 🚂┃湾区频道, 名称: Channel 5 HD, 有效: 0, IPv4: 1, IPv6: 0, 最小延迟: -1 ms, 最高速率: 0.00 M/s, 平均速率: 0.00 M/s, 最高分辨率: None, 平均帧率: 未知, 视频编解码器: 未知, 音频编解码器: 未知
分类: 🚂┃湾区频道, 名称: Channel 8 HD, 有效: 0, IPv4: 1, IPv6: 0, 最小延迟: -1 ms, 最高速率: 0.00 M/s, 平均速率: 0.00 M/s, 最高分辨率: None, 平均帧率: 未知, 视频编解码器: 未知, 音频编解码器: 未知
分类: 🚂┃湾区频道, 名称: Channel U HD, 有效: 0, IPv4: 1, IPv6: 0, 最小延迟: -1 ms, 最高速率: 0.00 M/s, 平均速率: 0.00 M/s, 最高分辨率: None, 平均帧率: 未知, 视频编解码器: 未知, 音频编解码器: 未知
分类: 🚂┃湾区频道, 名称: RTHK 33, 有效: 0, IPv4: 2, IPv6: 0, 最小延迟: -1 ms, 最高速率: 0.00 M/s, 平均速率: 0.00 M/s, 最高分辨率: None, 平均帧率: 未知, 视频编解码器: 未知, 音频编解码器: 未知
分类: 🚂┃湾区频道, 名称: RTHK 34, 有效: 0, IPv4: 1, IPv6: 0, 最小延迟: -1 ms, 最高速率: 0.00 M/s, 平均速率: 0.00 M/s, 最高分辨率: None, 平均帧率: 未知, 视频编解码器: 未知, 音频编解码器: 未知
分类: 🚂┃湾区频道, 名称: RTHK 35, 有效: 0, IPv4: 1, IPv6: 0, 最小延迟: -1 ms, 最高速率: 0.00 M/s, 平均速率: 0.00 M/s, 最高分辨率: None, 平均帧率: 未知, 视频编解码器: 未知, 音频编解码器: 未知
分类: 🚂┃湾区频道, 名称: RTHK 31, 有效: 0, IPv4: 8, IPv6: 0, 最小延迟: 61 ms, 最高速率: 0.00 M/s, 平均速率: 0.00 M/s, 最高分辨率: None, 平均帧率: 未知, 视频编解码器: 未知, 音频编解码器: 未知
分类: 🚂┃湾区频道, 名称: 中視, 有效: 0, IPv4: 2, IPv6: 0, 最小延迟: 188 ms, 最高速率: 0.19 M/s, 平均速率: 0.00 M/s, 最高分辨率: 1280x720, 平均帧率: 30.00, 视频编解码器: h264, 音频编解码器: aac
分类: 🚂┃湾区频道, 名称: 千禧經典台, 有效: 0, IPv4: 2, IPv6: 0, 最小延迟: 245 ms, 最高速率: 0.00 M/s, 平均速率: 0.00 M/s, 最高分辨率: None, 平均帧率: 未知, 视频编解码器: 未知, 音频编解码器: 未知
分类: 🚂┃湾区频道, 名称: RTHK 32, 有效: 0, IPv4: 8, IPv6: 0, 最小延迟: 56 ms, 最高速率: 0.00 M/s, 平均速率: 0.00 M/s, 最高分辨率: None, 平均帧率: 未知, 视频编解码器: 未知, 音频编解码器: 未知
分类: 🚂┃湾区频道, 名称: 龍華日韓台, 有效: 0, IPv4: 1, IPv6: 0, 最小延迟: -1 ms, 最高速率: 0.00 M/s, 平均速率: 0.00 M/s, 最高分辨率: None, 平均帧率: 未知, 视频编解码器: 未知, 音频编解码器: 未知
分类: 🚂┃湾区频道, 名称: 華視, 有效: 0, IPv4: 2, IPv6: 0, 最小延迟: 188 ms, 最高速率: 0.19 M/s, 平均速率: 0.00 M/s, 最高分辨率: 1280x720, 平均帧率: 30.00, 视频编解码器: h264, 音频编解码器: aac
分类: 🚂┃湾区频道, 名称: 中天新聞台, 有效: 0, IPv4: 4, IPv6: 0, 最小延迟: 246 ms, 最高速率: 0.31 M/s, 平均速率: 0.00 M/s, 最高分辨率: 1920x1080, 平均帧率: 30.00, 视频编解码器: h264, 音频编解码器: aac
分类: 🚂┃湾区频道, 名称: TVBS亚洲, 有效: 5, IPv4: 7, IPv6: 0, 最小延迟: 1060 ms, 最高速率: 1.25 M/s, 平均速率: 0.95 M/s, 最高分辨率: 1920x1080, 平均帧率: 29.97, 视频编解码器: h264, 音频编解码器: aac
分类: 🚂┃湾区频道, 名称: 爆谷台, 有效: 0, IPv4: 1, IPv6: 0, 最小延迟: -1 ms, 最高速率: 0.00 M/s, 平均速率: 0.00 M/s, 最高分辨率: None, 平均帧率: 未知, 视频编解码器: 未知, 音频编解码器: 未知
分类: 🚂┃湾区频道, 名称: 龍華電影台, 有效: 0, IPv4: 3, IPv6: 0, 最小延迟: 258 ms, 最高速率: 0.00 M/s, 平均速率: 0.00 M/s, 最高分辨率: None, 平均帧率: 未知, 视频编解码器: 未知, 音频编解码器: 未知
分类: 🚂┃湾区频道, 名称: 纬来育乐, 有效: 0, IPv4: 5, IPv6: 0, 最小延迟: -1 ms, 最高速率: 0.00 M/s, 平均速率: 0.00 M/s, 最高分辨率: None, 平均帧率: 未知, 视频编解码器: 未知, 音频编解码器: 未知
分类: 🚂┃湾区频道, 名称: 愛爾達娛樂台, 有效: 0, IPv4: 1, IPv6: 0, 最小延迟: 245 ms, 最高速率: 0.00 M/s, 平均速率: 0.00 M/s, 最高分辨率: None, 平均帧率: 未知, 视频编解码器: 未知, 音频编解码器: 未知
分类: 🚂┃湾区频道, 名称: BBC Cbeebies, 有效: 0, IPv4: 1, IPv6: 0, 最小延迟: -1 ms, 最高速率: 0.00 M/s, 平均速率: 0.00 M/s, 最高分辨率: None, 平均帧率: 未知, 视频编解码器: 未知, 音频编解码器: 未知
分类: 🚂┃湾区频道, 名称: BBC Earth, 有效: 0, IPv4: 2, IPv6: 0, 最小延迟: -1 ms, 最高速率: 0.00 M/s, 平均速率: 0.00 M/s, 最高分辨率: None, 平均帧率: 未知, 视频编解码器: 未知, 音频编解码器: 未知
分类: 🚂┃湾区频道, 名称: BBC Lifestyle, 有效: 0, IPv4: 1, IPv6: 0, 最小延迟: -1 ms, 最高速率: 0.00 M/s, 平均速率: 0.00 M/s, 最高分辨率: None, 平均帧率: 未知, 视频编解码器: 未知, 音频编解码器: 未知
分类: 🚂┃湾区频道, 名称: BBC NEWS, 有效: 0, IPv4: 2, IPv6: 0, 最小延迟: -1 ms, 最高速率: 0.00 M/s, 平均速率: 0.00 M/s, 最高分辨率: None, 平均帧率: 未知, 视频编解码器: 未知, 音频编解码器: 未知
分类: 🚂┃湾区频道, 名称: Bloomberg TV, 有效: 0, IPv4: 2, IPv6: 0, 最小延迟: -1 ms, 最高速率: 0.00 M/s, 平均速率: 0.00 M/s, 最高分辨率: None, 平均帧率: 未知, 视频编解码器: 未知, 音频编解码器: 未知
分类: 🚂┃湾区频道, 名称: Discovery Science, 有效: 0, IPv4: 1, IPv6: 0, 最小延迟: -1 ms, 最高速率: 0.00 M/s, 平均速率: 0.00 M/s, 最高分辨率: None, 平均帧率: 未知, 视频编解码器: 未知, 音频编解码器: 未知
分类: 🚂┃湾区频道, 名称: DreamWorks 夢工廠動畫, 有效: 0, IPv4: 1, IPv6: 0, 最小延迟: -1 ms, 最高速率: 0.00 M/s, 平均速率: 0.00 M/s, 最高分辨率: None, 平均帧率: 未知, 视频编解码器: 未知, 音频编解码器: 未知
分类: 🚂┃湾区频道, 名称: Global Trekker, 有效: 0, IPv4: 1, IPv6: 0, 最小延迟: -1 ms, 最高速率: 0.00 M/s, 平均速率: 0.00 M/s, 最高分辨率: None, 平均帧率: 未知, 视频编解码器: 未知, 音频编解码器: 未知
分类: 🚂┃湾区频道, 名称: Discovery Asia, 有效: 1, IPv4: 2, IPv6: 0, 最小延迟: 44 ms, 最高速率: 0.38 M/s, 平均速率: 0.38 M/s, 最高分辨率: 1280x720, 平均帧率: 未知, 视频编解码器: 未知, 音频编解码器: 未知
分类: 🚂┃湾区频道, 名称: Eurosport, 有效: 1, IPv4: 2, IPv6: 0, 最小延迟: 43 ms, 最高速率: 0.25 M/s, 平均速率: 0.25 M/s, 最高分辨率: 1280x720, 平均帧率: 未知, 视频编解码器: 未知, 音频编解码器: 未知
分类: 🅱┃台湾频道, 名称: TVBS HD, 有效: 0, IPv4: 1, IPv6: 0, 最小延迟: -1 ms, 最高速率: 0.00 M/s, 平均速率: 0.00 M/s, 最高分辨率: None, 平均帧率: 未知, 视频编解码器: 未知, 音频编解码器: 未知
分类: 🅱┃台湾频道, 名称: 台视新闻台, 有效: 1, IPv4: 1, IPv6: 0, 最小延迟: 620 ms, 最高速率: 3.44 M/s, 平均速率: 3.44 M/s, 最高分辨率: 1920x1080, 平均帧率: 未知, 视频编解码器: 未知, 音频编解码器: 未知
分类: 🅱┃台湾频道, 名称: 民视台湾台, 有效: 1, IPv4: 1, IPv6: 0, 最小延迟: 341 ms, 最高速率: 7.20 M/s, 平均速率: 7.20 M/s, 最高分辨率: 1920x1080, 平均帧率: 未知, 视频编解码器: 未知, 音频编解码器: 未知
分类: 🚂┃湾区频道, 名称: 纬来体育, 有效: 0, IPv4: 18, IPv6: 0, 最小延迟: 177 ms, 最高速率: 0.19 M/s, 平均速率: 0.00 M/s, 最高分辨率: 1920x1080, 平均帧率: 30.00, 视频编解码器: h264, 音频编解码器: aac
分类: 🅱┃台湾频道, 名称: HBO_HD, 有效: 0, IPv4: 1, IPv6: 0, 最小延迟: -1 ms, 最高速率: 0.00 M/s, 平均速率: 0.00 M/s, 最高分辨率: None, 平均帧率: 未知, 视频编解码器: 未知, 音频编解码器: 未知
分类: 🅱┃台湾频道, 名称: HBO_HITS, 有效: 0, IPv4: 1, IPv6: 0, 最小延迟: -1 ms, 最高速率: 0.00 M/s, 平均速率: 0.00 M/s, 最高分辨率: None, 平均帧率: 未知, 视频编解码器: 未知, 音频编解码器: 未知
分类: 🚂┃湾区频道, 名称: Love Nature, 有效: 1, IPv4: 9, IPv6: 0, 最小延迟: 651 ms, 最高速率: 17.41 M/s, 平均速率: 17.41 M/s, 最高分辨率: 3840x2160, 平均帧率: 未知, 视频编解码器: 未知, 音频编解码器: 未知
分类: 🅱┃台湾频道, 名称: 寰宇财经, 有效: 0, IPv4: 3, IPv6: 0, 最小延迟: -1 ms, 最高速率: 0.00 M/s, 平均速率: 0.00 M/s, 最高分辨率: None, 平均帧率: 未知, 视频编解码器: 未知, 音频编解码器: 未知
分类: 🅱┃台湾频道, 名称: 三立戏剧台, 有效: 1, IPv4: 1, IPv6: 0, 最小延迟: 5436 ms, 最高速率: 0.29 M/s, 平均速率: 0.29 M/s, 最高分辨率: 1280x720, 平均帧率: 未知, 视频编解码器: 未知, 音频编解码器: 未知
分类: 🅱┃台湾频道, 名称: 大爱1台, 有效: 0, IPv4: 1, IPv6: 0, 最小延迟: -1 ms, 最高速率: 0.00 M/s, 平均速率: 0.00 M/s, 最高分辨率: None, 平均帧率: 未知, 视频编解码器: 未知, 音频编解码器: 未知
分类: 🅱┃台湾频道, 名称: 中天亚洲台, 有效: 0, IPv4: 2, IPv6: 0, 最小延迟: -1 ms, 最高速率: 0.00 M/s, 平均速率: 0.00 M/s, 最高分辨率: None, 平均帧率: 未知, 视频编解码器: 未知, 音频编解码器: 未知
分类: 🅱┃台湾频道, 名称: CINEMAX, 有效: 1, IPv4: 7, IPv6: 0, 最小延迟: 49 ms, 最高速率: 0.23 M/s, 平均速率: 0.23 M/s, 最高分辨率: 1280x720, 平均帧率: 未知, 视频编解码器: 未知, 音频编解码器: 未知
分类: 🅱┃台湾频道, 名称: 龙华偶像, 有效: 0, IPv4: 11, IPv6: 0, 最小延迟: 632 ms, 最高速率: 0.06 M/s, 平均速率: 0.00 M/s, 最高分辨率: 1920x1080, 平均帧率: 30.00, 视频编解码器: h264, 音频编解码器: aac
分类: 🅱┃台湾频道, 名称: 靖天国际台, 有效: 0, IPv4: 1, IPv6: 0, 最小延迟: -1 ms, 最高速率: 0.00 M/s, 平均速率: 0.00 M/s, 最高分辨率: None, 平均帧率: 未知, 视频编解码器: 未知, 音频编解码器: 未知
分类: 🅱┃台湾频道, 名称: 寰宇新闻台, 有效: 0, IPv4: 1, IPv6: 0, 最小延迟: -1 ms, 最高速率: 0.00 M/s, 平均速率: 0.00 M/s, 最高分辨率: None, 平均帧率: 未知, 视频编解码器: 未知, 音频编解码器: 未知
分类: 🅱┃台湾频道, 名称: 大爱2台, 有效: 0, IPv4: 2, IPv6: 0, 最小延迟: -1 ms, 最高速率: 0.00 M/s, 平均速率: 0.00 M/s, 最高分辨率: None, 平均帧率: 未知, 视频编解码器: 未知, 音频编解码器: 未知
分类: 🅱┃台湾频道, 名称: 纬来精彩, 有效: 1, IPv4: 4, IPv6: 0, 最小延迟: 6803 ms, 最高速率: 0.31 M/s, 平均速率: 0.31 M/s, 最高分辨率: 1280x720, 平均帧率: 未知, 视频编解码器: 未知, 音频编解码器: 未知
分类: 🅱┃台湾频道, 名称: 年代新闻, 有效: 1, IPv4: 10, IPv6: 0, 最小延迟: 75 ms, 最高速率: 0.63 M/s, 平均速率: 0.63 M/s, 最高分辨率: 1920x1080, 平均帧率: 29.97, 视频编解码器: h264, 音频编解码器: aac
分类: 🅱┃台湾频道, 名称: 亚洲美食, 有效: 0, IPv4: 4, IPv6: 0, 最小延迟: -1 ms, 最高速率: 0.00 M/s, 平均速率: 0.00 M/s, 最高分辨率: None, 平均帧率: 未知, 视频编解码器: 未知, 音频编解码器: 未知
分类: 🅱┃台湾频道, 名称: 美食星球, 有效: 0, IPv4: 3, IPv6: 0, 最小延迟: -1 ms, 最高速率: 0.00 M/s, 平均速率: 0.00 M/s, 最高分辨率: None, 平均帧率: 未知, 视频编解码器: 未知, 音频编解码器: 未知
分类: 🅱┃台湾频道, 名称: 靖天卡通台, 有效: 0, IPv4: 1, IPv6: 0, 最小延迟: -1 ms, 最高速率: 0.00 M/s, 平均速率: 0.00 M/s, 最高分辨率: None, 平均帧率: 未知, 视频编解码器: 未知, 音频编解码器: 未知
分类: 🅱┃台湾频道, 名称: MTV Live, 有效: 1, IPv4: 1, IPv6: 0, 最小延迟: 1787 ms, 最高速率: 0.99 M/s, 平均速率: 0.99 M/s, 最高分辨率: 1920x1080, 平均帧率: 未知, 视频编解码器: 未知, 音频编解码器: 未知
分类: 🅱┃台湾频道, 名称: 博斯无限, 有效: 0, IPv4: 6, IPv6: 0, 最小延迟: -1 ms, 最高速率: 0.00 M/s, 平均速率: 0.00 M/s, 最高分辨率: None, 平均帧率: 未知, 视频编解码器: 未知, 音频编解码器: 未知
分类: 📚┃浙江频道, 名称: 浙江钱江, 有效: 1, IPv4: 8, IPv6: 0, 最小延迟: 1084 ms, 最高速率: 0.37 M/s, 平均速率: 0.34 M/s, 最高分辨率: 1920x1080, 平均帧率: 25.00, 视频编解码器: h264, 音频编解码器: aac
分类: 🅱┃台湾频道, 名称: 美亚电影, 有效: 0, IPv4: 6, IPv6: 0, 最小延迟: 437 ms, 最高速率: 0.15 M/s, 平均速率: 0.00 M/s, 最高分辨率: 1280x720, 平均帧率: 30.00, 视频编解码器: h264, 音频编解码器: aac
分类: 📚┃浙江频道, 名称: 浙江经济生活, 有效: 0, IPv4: 1, IPv6: 0, 最小延迟: -1 ms, 最高速率: 0.00 M/s, 平均速率: 0.00 M/s, 最高分辨率: None, 平均帧率: 未知, 视频编解码器: 未知, 音频编解码器: 未知
分类: 📚┃浙江频道, 名称: 浙江生活, 有效: 3, IPv4: 11, IPv6: 0, 最小延迟: 1067 ms, 最高速率: 0.42 M/s, 平均速率: 0.29 M/s, 最高分辨率: 1920x1080, 平均帧率: 25.00, 视频编解码器: h264, 音频编解码器: aac
分类: 📚┃浙江频道, 名称: 浙江民生, 有效: 1, IPv4: 5, IPv6: 0, 最小延迟: 1055 ms, 最高速率: 0.42 M/s, 平均速率: 0.31 M/s, 最高分辨率: 1920x1080, 平均帧率: 25.00, 视频编解码器: h264, 音频编解码器: aac
分类: 📚┃浙江频道, 名称: 浙江教育, 有效: 2, IPv4: 3, IPv6: 0, 最小延迟: 1096 ms, 最高速率: 0.59 M/s, 平均速率: 0.46 M/s, 最高分辨率: 1920x1080, 平均帧率: 25.00, 视频编解码器: h264, 音频编解码器: aac
分类: 📚┃浙江频道, 名称: 浙江新闻, 有效: 3, IPv4: 11, IPv6: 0, 最小延迟: 1084 ms, 最高速率: 0.44 M/s, 平均速率: 0.35 M/s, 最高分辨率: 1920x1080, 平均帧率: 25.00, 视频编解码器: h264, 音频编解码器: aac
分类: 📚┃浙江频道, 名称: 浙江少儿, 有效: 2, IPv4: 9, IPv6: 0, 最小延迟: 1070 ms, 最高速率: 0.83 M/s, 平均速率: 0.57 M/s, 最高分辨率: 1920x1080, 平均帧率: 25.00, 视频编解码器: h264, 音频编解码器: aac
分类: 📚┃浙江频道, 名称: 杭州综合, 有效: 0, IPv4: 4, IPv6: 0, 最小延迟: 10877 ms, 最高速率: 0.01 M/s, 平均速率: 0.00 M/s, 最高分辨率: None, 平均帧率: 未知, 视频编解码器: 未知, 音频编解码器: 未知
分类: 📚┃浙江频道, 名称: 杭州生活, 有效: 0, IPv4: 3, IPv6: 0, 最小延迟: -1 ms, 最高速率: 0.00 M/s, 平均速率: 0.00 M/s, 最高分辨率: None, 平均帧率: 未知, 视频编解码器: 未知, 音频编解码器: 未知
分类: 📚┃浙江频道, 名称: 杭州明珠, 有效: 0, IPv4: 3, IPv6: 0, 最小延迟: -1 ms, 最高速率: 0.00 M/s, 平均速率: 0.00 M/s, 最高分辨率: None, 平均帧率: 未知, 视频编解码器: 未知, 音频编解码器: 未知
分类: 📚┃浙江频道, 名称: 杭州影视, 有效: 0, IPv4: 2, IPv6: 0, 最小延迟: -1 ms, 最高速率: 0.00 M/s, 平均速率: 0.00 M/s, 最高分辨率: None, 平均帧率: 未知, 视频编解码器: 未知, 音频编解码器: 未知
分类: 📚┃浙江频道, 名称: 杭州导视, 有效: 0, IPv4: 2, IPv6: 0, 最小延迟: -1 ms, 最高速率: 0.00 M/s, 平均速率: 0.00 M/s, 最高分辨率: None, 平均帧率: 未知, 视频编解码器: 未知, 音频编解码器: 未知
分类: 📚┃浙江频道, 名称: 杭州青少, 有效: 0, IPv4: 3, IPv6: 0, 最小延迟: -1 ms, 最高速率: 0.00 M/s, 平均速率: 0.00 M/s, 最高分辨率: None, 平均帧率: 未知, 视频编解码器: 未知, 音频编解码器: 未知
分类: 📚┃浙江频道, 名称: 宁波TV1, 有效: 0, IPv4: 2, IPv6: 0, 最小延迟: -1 ms, 最高速率: 0.00 M/s, 平均速率: 0.00 M/s, 最高分辨率: None, 平均帧率: 未知, 视频编解码器: 未知, 音频编解码器: 未知
分类: 📚┃浙江频道, 名称: 宁波TV2, 有效: 0, IPv4: 2, IPv6: 0, 最小延迟: -1 ms, 最高速率: 0.00 M/s, 平均速率: 0.00 M/s, 最高分辨率: None, 平均帧率: 未知, 视频编解码器: 未知, 音频编解码器: 未知
分类: 📚┃浙江频道, 名称: 浙江教科, 有效: 0, IPv4: 3, IPv6: 0, 最小延迟: 1060 ms, 最高速率: 0.38 M/s, 平均速率: 0.00 M/s, 最高分辨率: 1920x1080, 平均帧率: 25.00, 视频编解码器: h264, 音频编解码器: aac
分类: 📚┃浙江频道, 名称: 宁波TV3, 有效: 0, IPv4: 2, IPv6: 0, 最小延迟: -1 ms, 最高速率: 0.00 M/s, 平均速率: 0.00 M/s, 最高分辨率: None, 平均帧率: 未知, 视频编解码器: 未知, 音频编解码器: 未知
分类: 📚┃浙江频道, 名称: 宁波TV4, 有效: 0, IPv4: 2, IPv6: 0, 最小延迟: -1 ms, 最高速率: 0.00 M/s, 平均速率: 0.00 M/s, 最高分辨率: None, 平均帧率: 未知, 视频编解码器: 未知, 音频编解码器: 未知
分类: 📚┃浙江频道, 名称: 之江纪录, 有效: 1, IPv4: 5, IPv6: 0, 最小延迟: 1087 ms, 最高速率: 0.43 M/s, 平均速率: 0.35 M/s, 最高分辨率: 1920x1080, 平均帧率: 25.00, 视频编解码器: h264, 音频编解码器: aac
分类: 📚┃浙江频道, 名称: 嘉兴公共, 有效: 0, IPv4: 1, IPv6: 0, 最小延迟: -1 ms, 最高速率: 0.00 M/s, 平均速率: 0.00 M/s, 最高分辨率: None, 平均帧率: 未知, 视频编解码器: 未知, 音频编解码器: 未知
分类: 📚┃浙江频道, 名称: 嘉兴文化影视, 有效: 0, IPv4: 1, IPv6: 0, 最小延迟: -1 ms, 最高速率: 0.00 M/s, 平均速率: 0.00 M/s, 最高分辨率: None, 平均帧率: 未知, 视频编解码器: 未知, 音频编解码器: 未知
分类: 📚┃浙江频道, 名称: 浙江国际, 有效: 1, IPv4: 10, IPv6: 0, 最小延迟: 1016 ms, 最高速率: 0.43 M/s, 平均速率: 0.33 M/s, 最高分辨率: 1920x1080, 平均帧率: 25.00, 视频编解码器: h264, 音频编解码器: aac
分类: 📚┃浙江频道, 名称: 嘉兴新闻综合, 有效: 1, IPv4: 4, IPv6: 0, 最小延迟: 892 ms, 最高速率: 1.10 M/s, 平均速率: 1.10 M/s, 最高分辨率: 1920x1080, 平均帧率: 未知, 视频编解码器: 未知, 音频编解码器: 未知
分类: 📚┃浙江频道, 名称: 湖州公共, 有效: 0, IPv4: 2, IPv6: 0, 最小延迟: 963 ms, 最高速率: 0.16 M/s, 平均速率: 0.00 M/s, 最高分辨率: 1280x720, 平均帧率: 25.00, 视频编解码器: h264, 音频编解码器: aac
分类: 📚┃浙江频道, 名称: 舟山新闻综合, 有效: 0, IPv4: 1, IPv6: 0, 最小延迟: -1 ms, 最高速率: 0.00 M/s, 平均速率: 0.00 M/s, 最高分辨率: None, 平均帧率: 未知, 视频编解码器: 未知, 音频编解码器: 未知
分类: 📚┃浙江频道, 名称: 湖州新闻综合, 有效: 0, IPv4: 3, IPv6: 0, 最小延迟: 960 ms, 最高速率: 0.16 M/s, 平均速率: 0.00 M/s, 最高分辨率: 1280x720, 平均帧率: 29.97, 视频编解码器: h264, 音频编解码器: aac
分类: 📚┃浙江频道, 名称: 舟山公共, 有效: 0, IPv4: 1, IPv6: 0, 最小延迟: -1 ms, 最高速率: 0.00 M/s, 平均速率: 0.00 M/s, 最高分辨率: None, 平均帧率: 未知, 视频编解码器: 未知, 音频编解码器: 未知
分类: 📚┃浙江频道, 名称: 丽水新闻, 有效: 0, IPv4: 1, IPv6: 0, 最小延迟: -1 ms, 最高速率: 0.00 M/s, 平均速率: 0.00 M/s, 最高分辨率: None, 平均帧率: 未知, 视频编解码器: 未知, 音频编解码器: 未知
分类: 📚┃浙江频道, 名称: 湖州文化娱乐, 有效: 0, IPv4: 3, IPv6: 0, 最小延迟: 1003 ms, 最高速率: 0.20 M/s, 平均速率: 0.00 M/s, 最高分辨率: 1280x720, 平均帧率: 29.97, 视频编解码器: h264, 音频编解码器: aac
分类: 📚┃浙江频道, 名称: 浙江留学, 有效: 0, IPv4: 2, IPv6: 0, 最小延迟: 1101 ms, 最高速率: 0.29 M/s, 平均速率: 0.00 M/s, 最高分辨率: 1920x1080, 平均帧率: 25.00, 视频编解码器: h264, 音频编解码器: aac
分类: 📚┃浙江频道, 名称: 浙江松阳, 有效: 0, IPv4: 1, IPv6: 0, 最小延迟: 1008 ms, 最高速率: 0.13 M/s, 平均速率: 0.00 M/s, 最高分辨率: 1920x1080, 平均帧率: 25.00, 视频编解码器: h264, 音频编解码器: aac
分类: 📚┃浙江频道, 名称: 浙江教科影院, 有效: 0, IPv4: 1, IPv6: 0, 最小延迟: 1119 ms, 最高速率: 0.37 M/s, 平均速率: 0.00 M/s, 最高分辨率: 1920x1080, 平均帧率: 25.00, 视频编解码器: h264, 音频编解码器: aac
分类: 📚┃浙江频道, 名称: 浙江数码时代, 有效: 2, IPv4: 3, IPv6: 0, 最小延迟: 1055 ms, 最高速率: 0.48 M/s, 平均速率: 0.32 M/s, 最高分辨率: 1920x1080, 平均帧率: 25.00, 视频编解码器: h264, 音频编解码器: aac
分类: 📚┃浙江频道, 名称: 浙江教科影视, 有效: 0, IPv4: 3, IPv6: 0, 最小延迟: 1062 ms, 最高速率: 0.32 M/s, 平均速率: 0.00 M/s, 最高分辨率: 1920x1080, 平均帧率: 25.00, 视频编解码器: h264, 音频编解码器: aac
分类: 📚┃浙江频道, 名称: 浙江休闲台, 有效: 1, IPv4: 1, IPv6: 0, 最小延迟: 1088 ms, 最高速率: 0.34 M/s, 平均速率: 0.34 M/s, 最高分辨率: 1280x720, 平均帧率: 未知, 视频编解码器: 未知, 音频编解码器: 未知
分类: 📚┃浙江频道, 名称: 浙江公共新闻, 有效: 0, IPv4: 1, IPv6: 0, 最小延迟: 1075 ms, 最高速率: 0.30 M/s, 平均速率: 0.00 M/s, 最高分辨率: 1920x1080, 平均帧率: 25.00, 视频编解码器: h264, 音频编解码器: aac
分类: 📚┃浙江频道, 名称: 浙江民生休闲, 有效: 0, IPv4: 2, IPv6: 0, 最小延迟: 1099 ms, 最高速率: 0.13 M/s, 平均速率: 0.00 M/s, 最高分辨率: 640x360, 平均帧率: 25.00, 视频编解码器: h264, 音频编解码器: aac
分类: 📚┃浙江频道, 名称: 龙游新闻综合, 有效: 0, IPv4: 1, IPv6: 0, 最小延迟: -1 ms, 最高速率: 0.00 M/s, 平均速率: 0.00 M/s, 最高分辨率: None, 平均帧率: 未知, 视频编解码器: 未知, 音频编解码器: 未知
分类: 📚┃浙江频道, 名称: 浙江青田, 有效: 0, IPv4: 2, IPv6: 0, 最小延迟: 1173 ms, 最高速率: 0.21 M/s, 平均速率: 0.00 M/s, 最高分辨率: 1920x1080, 平均帧率: 25.00, 视频编解码器: h264, 音频编解码器: aac
分类: 📚┃浙江频道, 名称: 浙江龙泉, 有效: 0, IPv4: 1, IPv6: 0, 最小延迟: 1030 ms, 最高速率: 0.16 M/s, 平均速率: 0.00 M/s, 最高分辨率: 1920x1080, 平均帧率: 25.00, 视频编解码器: h264, 音频编解码器: aac
分类: 📚┃浙江频道, 名称: 诸暨新闻综合, 有效: 0, IPv4: 1, IPv6: 0, 最小延迟: 1040 ms, 最高速率: 0.18 M/s, 平均速率: 0.00 M/s, 最高分辨率: 1920x1080, 平均帧率: 50.00, 视频编解码器: h264, 音频编解码器: aac
分类: 📚┃浙江频道, 名称: 龙泉新闻综合, 有效: 0, IPv4: 1, IPv6: 0, 最小延迟: 1013 ms, 最高速率: 0.20 M/s, 平均速率: 0.00 M/s, 最高分辨率: 1920x1080, 平均帧率: 25.00, 视频编解码器: h264, 音频编解码器: aac
分类: 📚┃浙江频道, 名称: 浙江遂昌, 有效: 0, IPv4: 2, IPv6: 0, 最小延迟: 1119 ms, 最高速率: 0.23 M/s, 平均速率: 0.00 M/s, 最高分辨率: 1920x1080, 平均帧率: 25.00, 视频编解码器: h264, 音频编解码器: aac
分类: 📚┃浙江频道, 名称: 遂昌综合, 有效: 0, IPv4: 1, IPv6: 0, 最小延迟: 1021 ms, 最高速率: 0.18 M/s, 平均速率: 0.00 M/s, 最高分辨率: 1920x1080, 平均帧率: 25.00, 视频编解码器: h264, 音频编解码器: aac
分类: 📚┃浙江频道, 名称: 象山综合, 有效: 1, IPv4: 1, IPv6: 0, 最小延迟: 1696 ms, 最高速率: 0.68 M/s, 平均速率: 0.68 M/s, 最高分辨率: 1920x1080, 平均帧率: 未知, 视频编解码器: 未知, 音频编解码器: 未知
分类: 📚┃浙江频道, 名称: 鄞州二套, 有效: 0, IPv4: 2, IPv6: 0, 最小延迟: -1 ms, 最高速率: 0.00 M/s, 平均速率: 0.00 M/s, 最高分辨率: None, 平均帧率: 未知, 视频编解码器: 未知, 音频编解码器: 未知
分类: 📚┃浙江频道, 名称: 鄞州一套, 有效: 0, IPv4: 2, IPv6: 0, 最小延迟: -1 ms, 最高速率: 0.00 M/s, 平均速率: 0.00 M/s, 最高分辨率: None, 平均帧率: 未知, 视频编解码器: 未知, 音频编解码器: 未知
分类: 📚┃浙江频道, 名称: 缙云综合, 有效: 0, IPv4: 1, IPv6: 0, 最小延迟: 1055 ms, 最高速率: 0.18 M/s, 平均速率: 0.00 M/s, 最高分辨率: 1280x720, 平均帧率: 25.00, 视频编解码器: h264, 音频编解码器: aac
分类: 📚┃浙江频道, 名称: 衢江新闻综合, 有效: 0, IPv4: 1, IPv6: 0, 最小延迟: 1033 ms, 最高速率: 0.14 M/s, 平均速率: 0.00 M/s, 最高分辨率: 1920x1080, 平均帧率: 25.00, 视频编解码器: h264, 音频编解码器: aac
分类: 📚┃浙江频道, 名称: 萧山新闻综合, 有效: 0, IPv4: 1, IPv6: 0, 最小延迟: 1011 ms, 最高速率: 0.19 M/s, 平均速率: 0.00 M/s, 最高分辨率: 1280x720, 平均帧率: 25.00, 视频编解码器: h264, 音频编解码器: aac
分类: 📚┃浙江频道, 名称: 苍南新闻综合, 有效: 0, IPv4: 1, IPv6: 0, 最小延迟: 1185 ms, 最高速率: 0.18 M/s, 平均速率: 0.00 M/s, 最高分辨率: 1920x1080, 平均帧率: 25.00, 视频编解码器: h264, 音频编解码器: aac
分类: 📚┃浙江频道, 名称: 绍兴电视台公共, 有效: 2, IPv4: 2, IPv6: 0, 最小延迟: 3343 ms, 最高速率: 0.21 M/s, 平均速率: 0.21 M/s, 最高分辨率: 1280x720, 平均帧率: 30.00, 视频编解码器: h264, 音频编解码器: aac
分类: 📚┃浙江频道, 名称: 绍兴新闻综合, 有效: 2, IPv4: 4, IPv6: 0, 最小延迟: 3395 ms, 最高速率: 0.22 M/s, 平均速率: 0.22 M/s, 最高分辨率: 1280x720, 平均帧率: 25.00, 视频编解码器: h264, 音频编解码器: aac
分类: 📚┃浙江频道, 名称: 绍兴文化影院, 有效: 1, IPv4: 1, IPv6: 0, 最小延迟: 3612 ms, 最高速率: 0.20 M/s, 平均速率: 0.20 M/s, 最高分辨率: 1280x720, 平均帧率: 25.00, 视频编解码器: h264, 音频编解码器: aac
分类: 📚┃浙江频道, 名称: 绍兴文化影视, 有效: 1, IPv4: 1, IPv6: 0, 最小延迟: 3616 ms, 最高速率: 0.21 M/s, 平均速率: 0.21 M/s, 最高分辨率: 1280x720, 平均帧率: 25.00, 视频编解码器: h264, 音频编解码器: aac
分类: 📚┃浙江频道, 名称: 湖州公共民生, 有效: 0, IPv4: 1, IPv6: 0, 最小延迟: 976 ms, 最高速率: 0.16 M/s, 平均速率: 0.00 M/s, 最高分辨率: 1280x720, 平均帧率: 25.00, 视频编解码器: h264, 音频编解码器: aac
分类: 📚┃浙江频道, 名称: 绍兴公共, 有效: 2, IPv4: 2, IPv6: 0, 最小延迟: 3316 ms, 最高速率: 0.22 M/s, 平均速率: 0.21 M/s, 最高分辨率: 1280x720, 平均帧率: 30.00, 视频编解码器: h264, 音频编解码器: aac
分类: 📚┃浙江频道, 名称: 缙云新闻综合, 有效: 0, IPv4: 1, IPv6: 0, 最小延迟: 10098 ms, 最高速率: 0.04 M/s, 平均速率: 0.00 M/s, 最高分辨率: None, 平均帧率: 未知, 视频编解码器: 未知, 音频编解码器: 未知
分类: 📚┃浙江频道, 名称: 海宁新闻综合, 有效: 1, IPv4: 3, IPv6: 0, 最小延迟: 680 ms, 最高速率: 0.32 M/s, 平均速率: 0.32 M/s, 最高分辨率: 1280x720, 平均帧率: 未知, 视频编解码器: 未知, 音频编解码器: 未知
分类: 📚┃浙江频道, 名称: 海盐新闻, 有效: 0, IPv4: 1, IPv6: 0, 最小延迟: -1 ms, 最高速率: 0.00 M/s, 平均速率: 0.00 M/s, 最高分辨率: None, 平均帧率: 未知, 视频编解码器: 未知, 音频编解码器: 未知
分类: 📚┃浙江频道, 名称: 洞头综合, 有效: 0, IPv4: 1, IPv6: 0, 最小延迟: 10251 ms, 最高速率: 0.04 M/s, 平均速率: 0.00 M/s, 最高分辨率: None, 平均帧率: 未知, 视频编解码器: 未知, 音频编解码器: 未知
分类: 📚┃浙江频道, 名称: 永嘉新闻综合, 有效: 0, IPv4: 1, IPv6: 0, 最小延迟: 10091 ms, 最高速率: 0.10 M/s, 平均速率: 0.00 M/s, 最高分辨率: None, 平均帧率: 未知, 视频编解码器: 未知, 音频编解码器: 未知
分类: 📚┃浙江频道, 名称: 武义新闻综合, 有效: 0, IPv4: 2, IPv6: 0, 最小延迟: 10119 ms, 最高速率: 0.01 M/s, 平均速率: 0.00 M/s, 最高分辨率: None, 平均帧率: 未知, 视频编解码器: 未知, 音频编解码器: 未知
分类: 📚┃浙江频道, 名称: 德清文化生活, 有效: 0, IPv4: 1, IPv6: 0, 最小延迟: -1 ms, 最高速率: 0.00 M/s, 平均速率: 0.00 M/s, 最高分辨率: None, 平均帧率: 未知, 视频编解码器: 未知, 音频编解码器: 未知
分类: 📚┃浙江频道, 名称: 普陀新闻综合, 有效: 0, IPv4: 1, IPv6: 0, 最小延迟: 10304 ms, 最高速率: 0.01 M/s, 平均速率: 0.00 M/s, 最高分辨率: 1280x720, 平均帧率: 未知, 视频编解码器: h264, 音频编解码器: aac
分类: 📚┃浙江频道, 名称: 新昌新闻综合, 有效: 0, IPv4: 1, IPv6: 0, 最小延迟: 10648 ms, 最高速率: 0.01 M/s, 平均速率: 0.00 M/s, 最高分辨率: 1920x1080, 平均帧率: 25.00, 视频编解码器: h264, 音频编解码器: aac
分类: 📚┃浙江频道, 名称: 松阳综合, 有效: 0, IPv4: 4, IPv6: 0, 最小延迟: 10246 ms, 最高速率: 0.01 M/s, 平均速率: 0.00 M/s, 最高分辨率: 1920x1080, 平均帧率: 25.00, 视频编解码器: h264, 音频编解码器: aac
分类: 📚┃浙江频道, 名称: 开化新闻综合, 有效: 0, IPv4: 1, IPv6: 0, 最小延迟: 10404 ms, 最高速率: 0.07 M/s, 平均速率: 0.00 M/s, 最高分辨率: 1280x720, 平均帧率: 25.00, 视频编解码器: h264, 音频编解码器: aac
分类: 📚┃浙江频道, 名称: 文成综合, 有效: 0, IPv4: 1, IPv6: 0, 最小延迟: 10108 ms, 最高速率: 0.01 M/s, 平均速率: 0.00 M/s, 最高分辨率: None, 平均帧率: 未知, 视频编解码器: 未知, 音频编解码器: 未知
分类: 📚┃浙江频道, 名称: 平湖民生休闲, 有效: 0, IPv4: 1, IPv6: 0, 最小延迟: 1081 ms, 最高速率: 0.17 M/s, 平均速率: 0.00 M/s, 最高分辨率: None, 平均帧率: 未知, 视频编解码器: 未知, 音频编解码器: 未知
分类: 📚┃浙江频道, 名称: 庆元综合, 有效: 0, IPv4: 3, IPv6: 0, 最小延迟: 10223 ms, 最高速率: 0.03 M/s, 平均速率: 0.00 M/s, 最高分辨率: 1920x1080, 平均帧率: 25.00, 视频编解码器: h264, 音频编解码器: aac
分类: 📚┃浙江频道, 名称: 嵊泗综合, 有效: 0, IPv4: 1, IPv6: 0, 最小延迟: -1 ms, 最高速率: 0.00 M/s, 平均速率: 0.00 M/s, 最高分辨率: None, 平均帧率: 未知, 视频编解码器: 未知, 音频编解码器: 未知
分类: 📚┃浙江频道, 名称: 平湖新闻综合, 有效: 0, IPv4: 2, IPv6: 0, 最小延迟: 4937 ms, 最高速率: 0.10 M/s, 平均速率: 0.00 M/s, 最高分辨率: None, 平均帧率: 未知, 视频编解码器: 未知, 音频编解码器: 未知
分类: 📚┃浙江频道, 名称: 兰溪新闻综合, 有效: 0, IPv4: 1, IPv6: 0, 最小延迟: 10237 ms, 最高速率: 0.06 M/s, 平均速率: 0.00 M/s, 最高分辨率: 1280x720, 平均帧率: 25.00, 视频编解码器: h264, 音频编解码器: aac
分类: 📚┃浙江频道, 名称: 嵊泗新闻综合, 有效: 0, IPv4: 1, IPv6: 0, 最小延迟: 10557 ms, 最高速率: 0.06 M/s, 平均速率: 0.00 M/s, 最高分辨率: None, 平均帧率: 未知, 视频编解码器: 未知, 音频编解码器: 未知
分类: 📚┃浙江频道, 名称: 余杭综合, 有效: 0, IPv4: 1, IPv6: 0, 最小延迟: 10264 ms, 最高速率: 0.00 M/s, 平均速率: 0.00 M/s, 最高分辨率: 1920x1080, 平均帧率: 25.00, 视频编解码器: h264, 音频编解码器: aac
分类: 📚┃浙江频道, 名称: 余姚综合, 有效: 0, IPv4: 3, IPv6: 0, 最小延迟: 1335 ms, 最高速率: 0.18 M/s, 平均速率: 0.00 M/s, 最高分辨率: 1920x1080, 平均帧率: 25.00, 视频编解码器: h264, 音频编解码器: aac
分类: 📚┃浙江频道, 名称: 义乌新闻综合, 有效: 0, IPv4: 1, IPv6: 0, 最小延迟: -1 ms, 最高速率: 0.00 M/s, 平均速率: 0.00 M/s, 最高分辨率: None, 平均帧率: 未知, 视频编解码器: 未知, 音频编解码器: 未知
分类: 📚┃浙江频道, 名称: 中国蓝新闻, 有效: 0, IPv4: 3, IPv6: 0, 最小延迟: 1092 ms, 最高速率: 0.30 M/s, 平均速率: 0.00 M/s, 最高分辨率: 1920x1080, 平均帧率: 25.00, 视频编解码器: h264, 音频编解码器: aac
分类: 📚┃浙江频道, 名称: 余姚新闻综合, 有效: 0, IPv4: 1, IPv6: 0, 最小延迟: 10590 ms, 最高速率: 0.09 M/s, 平均速率: 0.00 M/s, 最高分辨率: None, 平均帧率: 未知, 视频编解码器: 未知, 音频编解码器: 未知
分类: 📚┃浙江频道, 名称: 余姚姚江文化, 有效: 0, IPv4: 3, IPv6: 0, 最小延迟: 259 ms, 最高速率: 0.25 M/s, 平均速率: 0.00 M/s, 最高分辨率: 1920x1080, 平均帧率: 25.00, 视频编解码器: h264, 音频编解码器: aac
分类: 📚┃浙江频道, 名称: 上虞新闻综合, 有效: 0, IPv4: 2, IPv6: 0, 最小延迟: 6870 ms, 最高速率: 0.39 M/s, 平均速率: 0.00 M/s, 最高分辨率: None, 平均帧率: 未知, 视频编解码器: 未知, 音频编解码器: 未知
分类: 📚┃浙江频道, 名称: 上虞新商都, 有效: 0, IPv4: 2, IPv6: 0, 最小延迟: 464 ms, 最高速率: 0.03 M/s, 平均速率: 0.00 M/s, 最高分辨率: 1920x1080, 平均帧率: 25.00, 视频编解码器: h264, 音频编解码器: aac
分类: 📚┃北京频道, 名称: 北京生活, 有效: 0, IPv4: 2, IPv6: 0, 最小延迟: 211 ms, 最高速率: 0.00 M/s, 平均速率: 0.00 M/s, 最高分辨率: None, 平均帧率: 未知, 视频编解码器: 未知, 音频编解码器: 未知
分类: 📚┃北京频道, 名称: 北京财经, 有效: 0, IPv4: 1, IPv6: 0, 最小延迟: 228 ms, 最高速率: 0.00 M/s, 平均速率: 0.00 M/s, 最高分辨率: None, 平均帧率: 未知, 视频编解码器: 未知, 音频编解码器: 未知
分类: 📚┃浙江频道, 名称: 上虞文化影院, 有效: 0, IPv4: 2, IPv6: 0, 最小延迟: 10765 ms, 最高速率: 0.03 M/s, 平均速率: 0.00 M/s, 最高分辨率: 1920x1080, 平均帧率: 25.00, 视频编解码器: h264, 音频编解码器: aac
分类: 📚┃上海频道, 名称: 七彩戏剧, 有效: 0, IPv4: 2, IPv6: 0, 最小延迟: 214 ms, 最高速率: 0.00 M/s, 平均速率: 0.00 M/s, 最高分辨率: None, 平均帧率: 未知, 视频编解码器: 未知, 音频编解码器: 未知
分类: 📚┃北京频道, 名称: 北京新闻, 有效: 0, IPv4: 2, IPv6: 0, 最小延迟: 110 ms, 最高速率: 1.01 M/s, 平均速率: 0.00 M/s, 最高分辨率: None, 平均帧率: 未知, 视频编解码器: 未知, 音频编解码器: aac
分类: 📚┃上海频道, 名称: 上海外语, 有效: 0, IPv4: 7, IPv6: 0, 最小延迟: 213 ms, 最高速率: 0.00 M/s, 平均速率: 0.00 M/s, 最高分辨率: None, 平均帧率: 未知, 视频编解码器: 未知, 音频编解码器: 未知
分类: 📚┃北京频道, 名称: 北京卡酷少儿, 有效: 5, IPv4: 29, IPv6: 0, 最小延迟: 380 ms, 最高速率: 14.07 M/s, 平均速率: 11.69 M/s, 最高分辨率: 1920x1080, 平均帧率: 50.00, 视频编解码器: h264, 音频编解码器: aac
分类: 📚┃上海频道, 名称: 上海教育, 有效: 0, IPv4: 5, IPv6: 0, 最小延迟: 10006 ms, 最高速率: 0.29 M/s, 平均速率: 0.00 M/s, 最高分辨率: 1920x1080, 平均帧率: 25.00, 视频编解码器: h264, 音频编解码器: mp2
分类: 📚┃上海频道, 名称: 上海点掌财经, 有效: 1, IPv4: 1, IPv6: 0, 最小延迟: 4015 ms, 最高速率: 0.38 M/s, 平均速率: 0.38 M/s, 最高分辨率: 1280x720, 平均帧率: 未知, 视频编解码器: 未知, 音频编解码器: 未知
分类: 📚┃上海频道, 名称: 上海新闻综合, 有效: 0, IPv4: 11, IPv6: 0, 最小延迟: 228 ms, 最高速率: 0.25 M/s, 平均速率: 0.00 M/s, 最高分辨率: 1920x1080, 平均帧率: 25.00, 视频编解码器: h264, 音频编解码器: mp2
分类: 📚┃上海频道, 名称: 上海纪实, 有效: 0, IPv4: 3, IPv6: 0, 最小延迟: -1 ms, 最高速率: 0.00 M/s, 平均速率: 0.00 M/s, 最高分辨率: None, 平均帧率: 未知, 视频编解码器: 未知, 音频编解码器: 未知
分类: 📚┃上海频道, 名称: 上海第一财经, 有效: 0, IPv4: 8, IPv6: 0, 最小延迟: 98 ms, 最高速率: 1.11 M/s, 平均速率: 0.00 M/s, 最高分辨率: None, 平均帧率: 未知, 视频编解码器: 未知, 音频编解码器: aac
分类: 📚┃上海频道, 名称: 上海都市, 有效: 0, IPv4: 11, IPv6: 0, 最小延迟: 10117 ms, 最高速率: 0.36 M/s, 平均速率: 0.00 M/s, 最高分辨率: 1920x1080, 平均帧率: 25.00, 视频编解码器: h264, 音频编解码器: mp2
分类: 📚┃上海频道, 名称: 东方影视, 有效: 0, IPv4: 13, IPv6: 0, 最小延迟: 222 ms, 最高速率: 0.21 M/s, 平均速率: 0.00 M/s, 最高分辨率: 1920x1080, 平均帧率: 25.00, 视频编解码器: h264, 音频编解码器: mp2
分类: 📚┃上海频道, 名称: 东方财经, 有效: 0, IPv4: 9, IPv6: 0, 最小延迟: 10602 ms, 最高速率: 0.22 M/s, 平均速率: 0.00 M/s, 最高分辨率: 1920x1080, 平均帧率: 未知, 视频编解码器: 未知, 音频编解码器: 未知
分类: 📚┃上海频道, 名称: 全纪实, 有效: 0, IPv4: 1, IPv6: 0, 最小延迟: -1 ms, 最高速率: 0.00 M/s, 平均速率: 0.00 M/s, 最高分辨率: None, 平均帧率: 未知, 视频编解码器: 未知, 音频编解码器: 未知
分类: 📚┃上海频道, 名称: 动漫秀场, 有效: 0, IPv4: 11, IPv6: 0, 最小延迟: 10306 ms, 最高速率: 0.25 M/s, 平均速率: 0.00 M/s, 最高分辨率: 1920x1080, 平均帧率: 25.00, 视频编解码器: h264, 音频编解码器: mp2
分类: 📚┃上海频道, 名称: 哈哈炫动, 有效: 3, IPv4: 17, IPv6: 0, 最小延迟: 208 ms, 最高速率: 8.22 M/s, 平均速率: 5.72 M/s, 最高分辨率: 1920x1080, 平均帧率: 25.00, 视频编解码器: h264, 音频编解码器: mp2
分类: 📚┃上海频道, 名称: 新闻综合, 有效: 2, IPv4: 32, IPv6: 0, 最小延迟: 140 ms, 最高速率: 0.92 M/s, 平均速率: 0.76 M/s, 最高分辨率: 1920x1080, 平均帧率: 25.00, 视频编解码器: h264, 音频编解码器: aac
分类: 📚┃上海频道, 名称: 欢笑剧场, 有效: 0, IPv4: 13, IPv6: 0, 最小延迟: 232 ms, 最高速率: 0.00 M/s, 平均速率: 0.00 M/s, 最高分辨率: None, 平均帧率: 未知, 视频编解码器: 未知, 音频编解码器: 未知
分类: 📚┃上海频道, 名称: 法治天地, 有效: 0, IPv4: 13, IPv6: 0, 最小延迟: 230 ms, 最高速率: 0.24 M/s, 平均速率: 0.00 M/s, 最高分辨率: 1920x1080, 平均帧率: 25.00, 视频编解码器: h264, 音频编解码器: mp2
分类: 📚┃上海频道, 名称: 生活时尚, 有效: 0, IPv4: 11, IPv6: 0, 最小延迟: 10020 ms, 最高速率: 0.31 M/s, 平均速率: 0.00 M/s, 最高分辨率: 1920x1080, 平均帧率: 25.00, 视频编解码器: h264, 音频编解码器: mp2
分类: 📚┃上海频道, 名称: 第一财经, 有效: 1, IPv4: 31, IPv6: 0, 最小延迟: 66 ms, 最高速率: 1.39 M/s, 平均速率: 0.63 M/s, 最高分辨率: 1920x1080, 平均帧率: 25.00, 视频编解码器: h264, 音频编解码器: aac
分类: 📚┃重庆频道, 名称: 重庆汽摩, 有效: 0, IPv4: 1, IPv6: 0, 最小延迟: -1 ms, 最高速率: 0.00 M/s, 平均速率: 0.00 M/s, 最高分辨率: None, 平均帧率: 未知, 视频编解码器: 未知, 音频编解码器: 未知
分类: 📚┃重庆频道, 名称: 万州综合, 有效: 0, IPv4: 1, IPv6: 0, 最小延迟: -1 ms, 最高速率: 0.00 M/s, 平均速率: 0.00 M/s, 最高分辨率: None, 平均帧率: 未知, 视频编解码器: 未知, 音频编解码器: 未知
分类: 📚┃重庆频道, 名称: 重庆新闻, 有效: 0, IPv4: 2, IPv6: 0, 最小延迟: -1 ms, 最高速率: 0.00 M/s, 平均速率: 0.00 M/s, 最高分辨率: None, 平均帧率: 未知, 视频编解码器: 未知, 音频编解码器: 未知
分类: 📚┃重庆频道, 名称: 重庆时尚购物, 有效: 0, IPv4: 1, IPv6: 0, 最小延迟: -1 ms, 最高速率: 0.00 M/s, 平均速率: 0.00 M/s, 最高分辨率: None, 平均帧率: 未知, 视频编解码器: 未知, 音频编解码器: 未知
分类: 📚┃重庆频道, 名称: 铜梁综合, 有效: 0, IPv4: 1, IPv6: 0, 最小延迟: 1783 ms, 最高速率: 0.11 M/s, 平均速率: 0.00 M/s, 最高分辨率: 720x576, 平均帧率: 25.00, 视频编解码器: h264, 音频编解码器: aac
分类: 📚┃上海频道, 名称: 都市剧场, 有效: 0, IPv4: 20, IPv6: 0, 最小延迟: 98 ms, 最高速率: 1.05 M/s, 平均速率: 0.00 M/s, 最高分辨率: 1920x1080, 平均帧率: 25.00, 视频编解码器: h264, 音频编解码器: mp2
分类: 📚┃重庆频道, 名称: 璧山综合, 有效: 0, IPv4: 1, IPv6: 0, 最小延迟: 10270 ms, 最高速率: 0.39 M/s, 平均速率: 0.00 M/s, 最高分辨率: 1920x1080, 平均帧率: 25.00, 视频编解码器: h264, 音频编解码器: aac
分类: 🎬┃电影频道, 名称: CHC家庭影院, 有效: 5, IPv4: 27, IPv6: 0, 最小延迟: 273 ms, 最高速率: 6.01 M/s, 平均速率: 5.86 M/s, 最高分辨率: 1920x1080, 平均帧率: 25.00, 视频编解码器: h264, 音频编解码器: aac
分类: 🎬┃电影频道, 名称: CHC动作电影, 有效: 5, IPv4: 26, IPv6: 0, 最小延迟: 236 ms, 最高速率: 5.76 M/s, 平均速率: 4.45 M/s, 最高分辨率: 1920x1080, 平均帧率: 未知, 视频编解码器: 未知, 音频编解码器: 未知
分类: 🎬┃电影频道, 名称: CHC高清电影, 有效: 0, IPv4: 2, IPv6: 0, 最小延迟: -1 ms, 最高速率: 0.00 M/s, 平均速率: 0.00 M/s, 最高分辨率: None, 平均帧率: 未知, 视频编解码器: 未知, 音频编解码器: 未知
分类: 🎬┃电影频道, 名称: 淘剧场, 有效: 0, IPv4: 2, IPv6: 0, 最小延迟: 449 ms, 最高速率: 0.15 M/s, 平均速率: 0.00 M/s, 最高分辨率: None, 平均帧率: 25.00, 视频编解码器: h264, 音频编解码器: aac
分类: 🎬┃电影频道, 名称: 淘娱乐, 有效: 0, IPv4: 2, IPv6: 0, 最小延迟: 458 ms, 最高速率: 0.19 M/s, 平均速率: 0.00 M/s, 最高分辨率: None, 平均帧率: 25.00, 视频编解码器: h264, 音频编解码器: aac
分类: 🎬┃电影频道, 名称: 淘电影, 有效: 0, IPv4: 1, IPv6: 0, 最小延迟: 455 ms, 最高速率: 0.15 M/s, 平均速率: 0.00 M/s, 最高分辨率: None, 平均帧率: 25.00, 视频编解码器: h264, 音频编解码器: aac
分类: 🎬┃电影频道, 名称: 动作电影, 有效: 0, IPv4: 6, IPv6: 0, 最小延迟: 43 ms, 最高速率: 0.07 M/s, 平均速率: 0.00 M/s, 最高分辨率: 1920x1080, 平均帧率: 28.33, 视频编解码器: h264, 音频编解码器: aac
分类: 🎬┃电影频道, 名称: NewTV惊悚悬疑, 有效: 0, IPv4: 5, IPv6: 0, 最小延迟: 43 ms, 最高速率: 0.03 M/s, 平均速率: 0.00 M/s, 最高分辨率: 1920x1080, 平均帧率: 30.00, 视频编解码器: h264, 音频编解码器: aac
分类: 🎬┃电影频道, 名称: NewTV动作电影, 有效: 0, IPv4: 1, IPv6: 0, 最小延迟: -1 ms, 最高速率: 0.00 M/s, 平均速率: 0.00 M/s, 最高分辨率: None, 平均帧率: 未知, 视频编解码器: 未知, 音频编解码器: 未知
分类: 🎬┃电影频道, 名称: 黑莓电影, 有效: 0, IPv4: 5, IPv6: 0, 最小延迟: 44 ms, 最高速率: 0.03 M/s, 平均速率: 0.00 M/s, 最高分辨率: 1920x1080, 平均帧率: 30.00, 视频编解码器: h264, 音频编解码器: aac
分类: 🎬┃电影频道, 名称: 纬来电影, 有效: 0, IPv4: 13, IPv6: 0, 最小延迟: 463 ms, 最高速率: 0.07 M/s, 平均速率: 0.00 M/s, 最高分辨率: 1280x720, 平均帧率: 29.00, 视频编解码器: h264, 音频编解码器: aac
分类: 🎬┃电影频道, 名称: 靖天映画, 有效: 0, IPv4: 7, IPv6: 0, 最小延迟: -1 ms, 最高速率: 0.00 M/s, 平均速率: 0.00 M/s, 最高分辨率: None, 平均帧率: 未知, 视频编解码器: 未知, 音频编解码器: 未知
分类: 🎬┃电影频道, 名称: 靖天戏剧, 有效: 0, IPv4: 7, IPv6: 0, 最小延迟: -1 ms, 最高速率: 0.00 M/s, 平均速率: 0.00 M/s, 最高分辨率: None, 平均帧率: 未知, 视频编解码器: 未知, 音频编解码器: 未知
分类: 🎬┃电影频道, 名称: 经典电影, 有效: 0, IPv4: 5, IPv6: 0, 最小延迟: 10710 ms, 最高速率: 0.05 M/s, 平均速率: 0.00 M/s, 最高分辨率: 1920x1080, 平均帧率: 25.00, 视频编解码器: h264, 音频编解码器: mp2
分类: 🎬┃电影频道, 名称: 无线星河, 有效: 1, IPv4: 2, IPv6: 0, 最小延迟: 294 ms, 最高速率: 11.14 M/s, 平均速率: 11.14 M/s, 最高分辨率: 1280x720, 平均帧率: 未知, 视频编解码器: 未知, 音频编解码器: 未知
分类: 🎬┃电影频道, 名称: 天映经典, 有效: 0, IPv4: 11, IPv6: 0, 最小延迟: 6372 ms, 最高速率: 0.01 M/s, 平均速率: 0.00 M/s, 最高分辨率: 1024x576, 平均帧率: 25.00, 视频编解码器: h264, 音频编解码器: aac
分类: 🎬┃电影频道, 名称: IPTV经典电影, 有效: 0, IPv4: 2, IPv6: 0, 最小延迟: -1 ms, 最高速率: 0.00 M/s, 平均速率: 0.00 M/s, 最高分辨率: None, 平均帧率: 未知, 视频编解码器: 未知, 音频编解码器: 未知
分类: 🎬┃电影频道, 名称: 私人影院, 有效: 0, IPv4: 1, IPv6: 0, 最小延迟: -1 ms, 最高速率: 0.00 M/s, 平均速率: 0.00 M/s, 最高分辨率: None, 平均帧率: 未知, 视频编解码器: 未知, 音频编解码器: 未知
分类: 🎬┃电影频道, 名称: 龙祥电影, 有效: 0, IPv4: 5, IPv6: 0, 最小延迟: -1 ms, 最高速率: 0.00 M/s, 平均速率: 0.00 M/s, 最高分辨率: None, 平均帧率: 未知, 视频编解码器: 未知, 音频编解码器: 未知
分类: 💰┃付费频道, 名称: 文化精品, 有效: 5, IPv4: 17, IPv6: 0, 最小延迟: 432 ms, 最高速率: 10.26 M/s, 平均速率: 5.10 M/s, 最高分辨率: 1920x1080, 平均帧率: 未知, 视频编解码器: 未知, 音频编解码器: 未知
分类: 🎬┃电影频道, 名称: 星空卫视, 有效: 0, IPv4: 8, IPv6: 0, 最小延迟: 5727 ms, 最高速率: 0.16 M/s, 平均速率: 0.00 M/s, 最高分辨率: 1920x1080, 平均帧率: 33.33, 视频编解码器: h264, 音频编解码器: mp2
分类: 🎬┃电影频道, 名称: 东森洋片, 有效: 0, IPv4: 10, IPv6: 0, 最小延迟: -1 ms, 最高速率: 0.00 M/s, 平均速率: 0.00 M/s, 最高分辨率: None, 平均帧率: 未知, 视频编解码器: 未知, 音频编解码器: 未知
分类: 💰┃付费频道, 名称: 央视台球, 有效: 5, IPv4: 22, IPv6: 0, 最小延迟: 271 ms, 最高速率: 12.71 M/s, 平均速率: 9.38 M/s, 最高分辨率: 1920x1080, 平均帧率: 25.00, 视频编解码器: h264, 音频编解码器: aac
分类: 💰┃付费频道, 名称: 第一剧场, 有效: 6, IPv4: 37, IPv6: 0, 最小延迟: 366 ms, 最高速率: 17.78 M/s, 平均速率: 11.32 M/s, 最高分辨率: 1920x1080, 平均帧率: 30.00, 视频编解码器: h264, 音频编解码器: aac
分类: 💰┃付费频道, 名称: 风云音乐, 有效: 6, IPv4: 25, IPv6: 0, 最小延迟: 48 ms, 最高速率: 12.00 M/s, 平均速率: 9.76 M/s, 最高分辨率: 1920x1080, 平均帧率: 25.00, 视频编解码器: h264, 音频编解码器: aac
分类: 💰┃付费频道, 名称: 高尔夫网球, 有效: 5, IPv4: 15, IPv6: 0, 最小延迟: 275 ms, 最高速率: 12.62 M/s, 平均速率: 8.23 M/s, 最高分辨率: 1920x1080, 平均帧率: 未知, 视频编解码器: 未知, 音频编解码器: 未知
分类: 💰┃付费频道, 名称: 怀旧剧场, 有效: 5, IPv4: 21, IPv6: 0, 最小延迟: 330 ms, 最高速率: 11.13 M/s, 平均速率: 9.98 M/s, 最高分辨率: 1920x1080, 平均帧率: 25.00, 视频编解码器: h264, 音频编解码器: aac
分类: 💰┃付费频道, 名称: 风云剧场, 有效: 5, IPv4: 23, IPv6: 0, 最小延迟: 362 ms, 最高速率: 12.78 M/s, 平均速率: 11.23 M/s, 最高分辨率: 1920x1080, 平均帧率: 未知, 视频编解码器: 未知, 音频编解码器: 未知
分类: 💰┃付费频道, 名称: 女性时尚, 有效: 5, IPv4: 21, IPv6: 0, 最小延迟: 320 ms, 最高速率: 10.01 M/s, 平均速率: 7.76 M/s, 最高分辨率: 1920x1080, 平均帧率: 未知, 视频编解码器: 未知, 音频编解码器: 未知
分类: 💰┃付费频道, 名称: 风云足球, 有效: 5, IPv4: 24, IPv6: 0, 最小延迟: 244 ms, 最高速率: 13.07 M/s, 平均速率: 10.73 M/s, 最高分辨率: 1920x1080, 平均帧率: 未知, 视频编解码器: 未知, 音频编解码器: 未知
分类: 💰┃付费频道, 名称: 兵器科技, 有效: 6, IPv4: 21, IPv6: 0, 最小延迟: 352 ms, 最高速率: 12.07 M/s, 平均速率: 11.35 M/s, 最高分辨率: 1920x1080, 平均帧率: 25.00, 视频编解码器: h264, 音频编解码器: aac
分类: 💰┃付费频道, 名称: 电视指南, 有效: 2, IPv4: 8, IPv6: 0, 最小延迟: 628 ms, 最高速率: 6.93 M/s, 平均速率: 5.29 M/s, 最高分辨率: 1920x1080, 平均帧率: 未知, 视频编解码器: 未知, 音频编解码器: 未知
分类: 🎥┃咪咕直播, 名称: 咪咕直播1, 有效: 0, IPv4: 1, IPv6: 0, 最小延迟: -1 ms, 最高速率: 0.00 M/s, 平均速率: 0.00 M/s, 最高分辨率: None, 平均帧率: 未知, 视频编解码器: 未知, 音频编解码器: 未知
分类: 🎥┃咪咕直播, 名称: 咪咕直播2, 有效: 0, IPv4: 1, IPv6: 0, 最小延迟: -1 ms, 最高速率: 0.00 M/s, 平均速率: 0.00 M/s, 最高分辨率: None, 平均帧率: 未知, 视频编解码器: 未知, 音频编解码器: 未知
分类: 🎥┃咪咕直播, 名称: 咪咕直播3, 有效: 0, IPv4: 1, IPv6: 0, 最小延迟: -1 ms, 最高速率: 0.00 M/s, 平均速率: 0.00 M/s, 最高分辨率: None, 平均帧率: 未知, 视频编解码器: 未知, 音频编解码器: 未知
分类: 💰┃付费频道, 名称: 世界地理, 有效: 5, IPv4: 21, IPv6: 0, 最小延迟: 324 ms, 最高速率: 9.80 M/s, 平均速率: 7.89 M/s, 最高分辨率: 1920x1080, 平均帧率: 未知, 视频编解码器: 未知, 音频编解码器: 未知
分类: 🎥┃咪咕直播, 名称: 咪咕直播4, 有效: 0, IPv4: 1, IPv6: 0, 最小延迟: -1 ms, 最高速率: 0.00 M/s, 平均速率: 0.00 M/s, 最高分辨率: None, 平均帧率: 未知, 视频编解码器: 未知, 音频编解码器: 未知
分类: 🎥┃咪咕直播, 名称: 咪咕直播5, 有效: 0, IPv4: 1, IPv6: 0, 最小延迟: -1 ms, 最高速率: 0.00 M/s, 平均速率: 0.00 M/s, 最高分辨率: None, 平均帧率: 未知, 视频编解码器: 未知, 音频编解码器: 未知
分类: 🎥┃咪咕直播, 名称: 咪咕直播6, 有效: 0, IPv4: 1, IPv6: 0, 最小延迟: -1 ms, 最高速率: 0.00 M/s, 平均速率: 0.00 M/s, 最高分辨率: None, 平均帧率: 未知, 视频编解码器: 未知, 音频编解码器: 未知
分类: 🎥┃咪咕直播, 名称: 咪咕直播7, 有效: 0, IPv4: 1, IPv6: 0, 最小延迟: -1 ms, 最高速率: 0.00 M/s, 平均速率: 0.00 M/s, 最高分辨率: None, 平均帧率: 未知, 视频编解码器: 未知, 音频编解码器: 未知
分类: 🎥┃咪咕直播, 名称: 咪咕直播8, 有效: 0, IPv4: 1, IPv6: 0, 最小延迟: -1 ms, 最高速率: 0.00 M/s, 平均速率: 0.00 M/s, 最高分辨率: None, 平均帧率: 未知, 视频编解码器: 未知, 音频编解码器: 未知
分类: 🎥┃咪咕直播, 名称: 咪咕直播9, 有效: 0, IPv4: 1, IPv6: 0, 最小延迟: -1 ms, 最高速率: 0.00 M/s, 平均速率: 0.00 M/s, 最高分辨率: None, 平均帧率: 未知, 视频编解码器: 未知, 音频编解码器: 未知
分类: 🎥┃咪咕直播, 名称: 咪咕直播10, 有效: 0, IPv4: 1, IPv6: 0, 最小延迟: -1 ms, 最高速率: 0.00 M/s, 平均速率: 0.00 M/s, 最高分辨率: None, 平均帧率: 未知, 视频编解码器: 未知, 音频编解码器: 未知
分类: 🎥┃咪咕直播, 名称: 咪咕直播11, 有效: 0, IPv4: 1, IPv6: 0, 最小延迟: -1 ms, 最高速率: 0.00 M/s, 平均速率: 0.00 M/s, 最高分辨率: None, 平均帧率: 未知, 视频编解码器: 未知, 音频编解码器: 未知
分类: 🎥┃咪咕直播, 名称: 咪咕直播12, 有效: 0, IPv4: 1, IPv6: 0, 最小延迟: -1 ms, 最高速率: 0.00 M/s, 平均速率: 0.00 M/s, 最高分辨率: None, 平均帧率: 未知, 视频编解码器: 未知, 音频编解码器: 未知
分类: 🎥┃咪咕直播, 名称: 咪咕直播13, 有效: 0, IPv4: 1, IPv6: 0, 最小延迟: -1 ms, 最高速率: 0.00 M/s, 平均速率: 0.00 M/s, 最高分辨率: None, 平均帧率: 未知, 视频编解码器: 未知, 音频编解码器: 未知
分类: 🎥┃咪咕直播, 名称: 咪咕直播14, 有效: 0, IPv4: 1, IPv6: 0, 最小延迟: -1 ms, 最高速率: 0.00 M/s, 平均速率: 0.00 M/s, 最高分辨率: None, 平均帧率: 未知, 视频编解码器: 未知, 音频编解码器: 未知
分类: 🎥┃咪咕直播, 名称: 咪咕直播15, 有效: 0, IPv4: 1, IPv6: 0, 最小延迟: -1 ms, 最高速率: 0.00 M/s, 平均速率: 0.00 M/s, 最高分辨率: None, 平均帧率: 未知, 视频编解码器: 未知, 音频编解码器: 未知
分类: 🎥┃咪咕直播, 名称: 咪咕直播16, 有效: 0, IPv4: 1, IPv6: 0, 最小延迟: -1 ms, 最高速率: 0.00 M/s, 平均速率: 0.00 M/s, 最高分辨率: None, 平均帧率: 未知, 视频编解码器: 未知, 音频编解码器: 未知
分类: 🎥┃咪咕直播, 名称: 咪咕直播17, 有效: 0, IPv4: 1, IPv6: 0, 最小延迟: -1 ms, 最高速率: 0.00 M/s, 平均速率: 0.00 M/s, 最高分辨率: None, 平均帧率: 未知, 视频编解码器: 未知, 音频编解码器: 未知
分类: 🎥┃咪咕直播, 名称: 咪咕直播18, 有效: 0, IPv4: 1, IPv6: 0, 最小延迟: -1 ms, 最高速率: 0.00 M/s, 平均速率: 0.00 M/s, 最高分辨率: None, 平均帧率: 未知, 视频编解码器: 未知, 音频编解码器: 未知
分类: 🎥┃咪咕直播, 名称: 咪咕直播19, 有效: 0, IPv4: 1, IPv6: 0, 最小延迟: -1 ms, 最高速率: 0.00 M/s, 平均速率: 0.00 M/s, 最高分辨率: None, 平均帧率: 未知, 视频编解码器: 未知, 音频编解码器: 未知
分类: 🎥┃咪咕直播, 名称: 咪咕直播20, 有效: 0, IPv4: 1, IPv6: 0, 最小延迟: -1 ms, 最高速率: 0.00 M/s, 平均速率: 0.00 M/s, 最高分辨率: None, 平均帧率: 未知, 视频编解码器: 未知, 音频编解码器: 未知
分类: 🎥┃咪咕直播, 名称: 咪咕直播21, 有效: 0, IPv4: 1, IPv6: 0, 最小延迟: -1 ms, 最高速率: 0.00 M/s, 平均速率: 0.00 M/s, 最高分辨率: None, 平均帧率: 未知, 视频编解码器: 未知, 音频编解码器: 未知
分类: 🎥┃咪咕直播, 名称: 咪咕直播22, 有效: 0, IPv4: 1, IPv6: 0, 最小延迟: -1 ms, 最高速率: 0.00 M/s, 平均速率: 0.00 M/s, 最高分辨率: None, 平均帧率: 未知, 视频编解码器: 未知, 音频编解码器: 未知
分类: 🎥┃咪咕直播, 名称: 咪咕直播23, 有效: 0, IPv4: 1, IPv6: 0, 最小延迟: -1 ms, 最高速率: 0.00 M/s, 平均速率: 0.00 M/s, 最高分辨率: None, 平均帧率: 未知, 视频编解码器: 未知, 音频编解码器: 未知
分类: 🎥┃咪咕直播, 名称: 咪咕直播24, 有效: 0, IPv4: 1, IPv6: 0, 最小延迟: -1 ms, 最高速率: 0.00 M/s, 平均速率: 0.00 M/s, 最高分辨率: None, 平均帧率: 未知, 视频编解码器: 未知, 音频编解码器: 未知
分类: 🎥┃咪咕直播, 名称: 咪咕直播25, 有效: 0, IPv4: 1, IPv6: 0, 最小延迟: -1 ms, 最高速率: 0.00 M/s, 平均速率: 0.00 M/s, 最高分辨率: None, 平均帧率: 未知, 视频编解码器: 未知, 音频编解码器: 未知
分类: 🎥┃咪咕直播, 名称: 咪咕直播26, 有效: 0, IPv4: 1, IPv6: 0, 最小延迟: -1 ms, 最高速率: 0.00 M/s, 平均速率: 0.00 M/s, 最高分辨率: None, 平均帧率: 未知, 视频编解码器: 未知, 音频编解码器: 未知
分类: 🎥┃咪咕直播, 名称: 咪咕直播27, 有效: 0, IPv4: 1, IPv6: 0, 最小延迟: -1 ms, 最高速率: 0.00 M/s, 平均速率: 0.00 M/s, 最高分辨率: None, 平均帧率: 未知, 视频编解码器: 未知, 音频编解码器: 未知
分类: 🎥┃咪咕直播, 名称: 咪咕直播28, 有效: 0, IPv4: 1, IPv6: 0, 最小延迟: -1 ms, 最高速率: 0.00 M/s, 平均速率: 0.00 M/s, 最高分辨率: None, 平均帧率: 未知, 视频编解码器: 未知, 音频编解码器: 未知
分类: 🎥┃咪咕直播, 名称: 咪咕直播29, 有效: 0, IPv4: 1, IPv6: 0, 最小延迟: -1 ms, 最高速率: 0.00 M/s, 平均速率: 0.00 M/s, 最高分辨率: None, 平均帧率: 未知, 视频编解码器: 未知, 音频编解码器: 未知
分类: 🎥┃咪咕直播, 名称: 咪咕直播30, 有效: 0, IPv4: 1, IPv6: 0, 最小延迟: -1 ms, 最高速率: 0.00 M/s, 平均速率: 0.00 M/s, 最高分辨率: None, 平均帧率: 未知, 视频编解码器: 未知, 音频编解码器: 未知
分类: 🏀┃体育频道, 名称: 体育赛事, 有效: 0, IPv4: 1, IPv6: 0, 最小延迟: -1 ms, 最高速率: 0.00 M/s, 平均速率: 0.00 M/s, 最高分辨率: None, 平均帧率: 未知, 视频编解码器: 未知, 音频编解码器: 未知
分类: 🏀┃体育频道, 名称: 五星体育, 有效: 4, IPv4: 13, IPv6: 0, 最小延迟: 171 ms, 最高速率: 3.78 M/s, 平均速率: 2.33 M/s, 最高分辨率: 1920x1080, 平均帧率: 25.00, 视频编解码器: h264, 音频编解码器: mp2
分类: 🏀┃体育频道, 名称: 劲爆体育, 有效: 0, IPv4: 23, IPv6: 0, 最小延迟: 150 ms, 最高速率: 0.28 M/s, 平均速率: 0.00 M/s, 最高分辨率: 1920x1080, 平均帧率: 50.00, 视频编解码器: h264, 音频编解码器: mp2
分类: 🏀┃体育频道, 名称: 超级体育, 有效: 0, IPv4: 6, IPv6: 0, 最小延迟: 157 ms, 最高速率: 0.16 M/s, 平均速率: 0.00 M/s, 最高分辨率: None, 平均帧率: 未知, 视频编解码器: 未知, 音频编解码器: 未知
分类: 🏀┃体育频道, 名称: 福建体育, 有效: 4, IPv4: 6, IPv6: 0, 最小延迟: 141 ms, 最高速率: 65.24 M/s, 平均速率: 29.08 M/s, 最高分辨率: 1920x1080, 平均帧率: 25.00, 视频编解码器: h264, 音频编解码器: aac
分类: 🏀┃体育频道, 名称: 精品体育, 有效: 0, IPv4: 7, IPv6: 0, 最小延迟: 57 ms, 最高速率: 0.19 M/s, 平均速率: 0.00 M/s, 最高分辨率: 1920x1080, 平均帧率: 30.00, 视频编解码器: h264, 音频编解码器: aac
分类: 🏀┃体育频道, 名称: 辽宁体育, 有效: 1, IPv4: 4, IPv6: 0, 最小延迟: 266 ms, 最高速率: 5.37 M/s, 平均速率: 5.37 M/s, 最高分辨率: 1280x720, 平均帧率: 未知, 视频编解码器: 未知, 音频编解码器: 未知
分类: 🏀┃体育频道, 名称: 天津体育, 有效: 3, IPv4: 3, IPv6: 0, 最小延迟: 304 ms, 最高速率: 8.72 M/s, 平均速率: 8.57 M/s, 最高分辨率: 1280x720, 平均帧率: 未知, 视频编解码器: 未知, 音频编解码器: 未知
分类: 🏀┃体育频道, 名称: 山东体育, 有效: 0, IPv4: 13, IPv6: 0, 最小延迟: 65 ms, 最高速率: 1.34 M/s, 平均速率: 0.00 M/s, 最高分辨率: None, 平均帧率: 未知, 视频编解码器: 未知, 音频编解码器: aac
分类: 🏀┃体育频道, 名称: 安徽综艺体育, 有效: 0, IPv4: 2, IPv6: 0, 最小延迟: 10795 ms, 最高速率: 0.17 M/s, 平均速率: 0.00 M/s, 最高分辨率: 1920x1080, 平均帧率: 25.00, 视频编解码器: h264, 音频编解码器: mp2
分类: 🏀┃体育频道, 名称: 睛彩篮球, 有效: 0, IPv4: 26, IPv6: 0, 最小延迟: 45 ms, 最高速率: 0.17 M/s, 平均速率: 0.00 M/s, 最高分辨率: 1920x1080, 平均帧率: 28.33, 视频编解码器: h264, 音频编解码器: aac
分类: 🏀┃体育频道, 名称: 睛彩羽毛球, 有效: 0, IPv4: 6, IPv6: 0, 最小延迟: 448 ms, 最高速率: 0.06 M/s, 平均速率: 0.00 M/s, 最高分辨率: 1920x1080, 平均帧率: 25.00, 视频编解码器: h264, 音频编解码器: mp2
分类: 🏀┃体育频道, 名称: 睛彩广场舞, 有效: 0, IPv4: 7, IPv6: 0, 最小延迟: -1 ms, 最高速率: 0.00 M/s, 平均速率: 0.00 M/s, 最高分辨率: None, 平均帧率: 未知, 视频编解码器: 未知, 音频编解码器: 未知
分类: 🏀┃体育频道, 名称: 天元围棋, 有效: 5, IPv4: 10, IPv6: 0, 最小延迟: 333 ms, 最高速率: 12.14 M/s, 平均速率: 9.53 M/s, 最高分辨率: 1920x1080, 平均帧率: 未知, 视频编解码器: 未知, 音频编解码器: 未知
分类: 🏀┃体育频道, 名称: 魅力足球, 有效: 0, IPv4: 18, IPv6: 0, 最小延迟: 211 ms, 最高速率: 0.00 M/s, 平均速率: 0.00 M/s, 最高分辨率: None, 平均帧率: 未知, 视频编解码器: 未知, 音频编解码器: 未知
分类: 🏀┃体育频道, 名称: 快乐垂钓, 有效: 0, IPv4: 41, IPv6: 0, 最小延迟: 432 ms, 最高速率: 0.47 M/s, 平均速率: 0.00 M/s, 最高分辨率: 1920x1080, 平均帧率: 25.00, 视频编解码器: h264, 音频编解码器: mp2
分类: 🏀┃体育频道, 名称: JJ斗地主, 有效: 0, IPv4: 4, IPv6: 0, 最小延迟: -1 ms, 最高速率: 0.00 M/s, 平均速率: 0.00 M/s, 最高分辨率: None, 平均帧率: 未知, 视频编解码器: 未知, 音频编解码器: 未知
分类: 📚┃动画频道, 名称: 爱动漫, 有效: 0, IPv4: 1, IPv6: 0, 最小延迟: -1 ms, 最高速率: 0.00 M/s, 平均速率: 0.00 M/s, 最高分辨率: None, 平均帧率: 未知, 视频编解码器: 未知, 音频编解码器: 未知
分类: 📚┃动画频道, 名称: 少儿动画, 有效: 0, IPv4: 13, IPv6: 0, 最小延迟: -1 ms, 最高速率: 0.00 M/s, 平均速率: 0.00 M/s, 最高分辨率: None, 平均帧率: 未知, 视频编解码器: 未知, 音频编解码器: 未知
分类: 📚┃动画频道, 名称: 新动漫, 有效: 0, IPv4: 7, IPv6: 0, 最小延迟: 41 ms, 最高速率: 0.03 M/s, 平均速率: 0.00 M/s, 最高分辨率: 1920x1080, 平均帧率: 30.00, 视频编解码器: h264, 音频编解码器: aac
分类: 📚┃动画频道, 名称: CN卡通, 有效: 0, IPv4: 5, IPv6: 0, 最小延迟: 1226 ms, 最高速率: 0.48 M/s, 平均速率: 0.00 M/s, 最高分辨率: 1920x1080, 平均帧率: 未知, 视频编解码器: 未知, 音频编解码器: 未知
分类: 📚┃动画频道, 名称: 优漫卡通, 有效: 0, IPv4: 17, IPv6: 0, 最小延迟: 48 ms, 最高速率: 8.85 M/s, 平均速率: 0.00 M/s, 最高分辨率: 1920x1080, 平均帧率: 26.25, 视频编解码器: h264, 音频编解码器: aac
分类: 📚┃动画频道, 名称: 金鹰卡通, 有效: 0, IPv4: 42, IPv6: 0, 最小延迟: 2161 ms, 最高速率: 0.51 M/s, 平均速率: 0.00 M/s, 最高分辨率: 1920x1080, 平均帧率: 39.29, 视频编解码器: h264, 音频编解码器: mp2
分类: 📚┃动画频道, 名称: 黑莓动画, 有效: 0, IPv4: 4, IPv6: 0, 最小延迟: 51 ms, 最高速率: 0.03 M/s, 平均速率: 0.00 M/s, 最高分辨率: 1920x1080, 平均帧率: 30.00, 视频编解码器: h264, 音频编解码器: aac
分类: 📚┃动画频道, 名称: 河北少儿科教, 有效: 0, IPv4: 3, IPv6: 0, 最小延迟: 10241 ms, 最高速率: 0.02 M/s, 平均速率: 0.00 M/s, 最高分辨率: None, 平均帧率: 未知, 视频编解码器: 未知, 音频编解码器: 未知
分类: 📚┃动画频道, 名称: 中华小当家, 有效: 0, IPv4: 1, IPv6: 0, 最小延迟: -1 ms, 最高速率: 0.00 M/s, 平均速率: 0.00 M/s, 最高分辨率: None, 平均帧率: 未知, 视频编解码器: 未知, 音频编解码器: 未知
分类: 📚┃动画频道, 名称: 猫和老鼠, 有效: 1, IPv4: 2, IPv6: 0, 最小延迟: 433 ms, 最高速率: 2.27 M/s, 平均速率: 2.27 M/s, 最高分辨率: 1332x720, 平均帧率: 25.00, 视频编解码器: h264, 音频编解码器: aac
分类: 📚┃动画频道, 名称: 七龙珠, 有效: 0, IPv4: 3, IPv6: 0, 最小延迟: -1 ms, 最高速率: 0.00 M/s, 平均速率: 0.00 M/s, 最高分辨率: None, 平均帧率: 未知, 视频编解码器: 未知, 音频编解码器: 未知
分类: 📚┃动画频道, 名称: 海绵宝宝, 有效: 0, IPv4: 2, IPv6: 0, 最小延迟: 91 ms, 最高速率: 0.09 M/s, 平均速率: 0.00 M/s, 最高分辨率: 720x540, 平均帧率: 60.00, 视频编解码器: h264, 音频编解码器: aac
分类: 📚┃动画频道, 名称: 火影忍者, 有效: 1, IPv4: 2, IPv6: 0, 最小延迟: 91 ms, 最高速率: 0.89 M/s, 平均速率: 0.89 M/s, 最高分辨率: 1920x1080, 平均帧率: 未知, 视频编解码器: 未知, 音频编解码器: 未知
分类: 🎵┃音乐频道, 名称: 音乐调频广播, 有效: 0, IPv4: 1, IPv6: 0, 最小延迟: -1 ms, 最高速率: 0.00 M/s, 平均速率: 0.00 M/s, 最高分辨率: None, 平均帧率: 未知, 视频编解码器: 未知, 音频编解码器: 未知
分类: 🎵┃音乐频道, 名称: 音乐现场, 有效: 0, IPv4: 3, IPv6: 0, 最小延迟: 68 ms, 最高速率: 1.39 M/s, 平均速率: 0.00 M/s, 最高分辨率: None, 平均帧率: 未知, 视频编解码器: 未知, 音频编解码器: aac
分类: 🏛┃经典剧场, 名称: 笑傲江湖, 有效: 0, IPv4: 4, IPv6: 0, 最小延迟: -1 ms, 最高速率: 0.00 M/s, 平均速率: 0.00 M/s, 最高分辨率: None, 平均帧率: 未知, 视频编解码器: 未知, 音频编解码器: 未知
分类: 🏛┃经典剧场, 名称: 天龙八部, 有效: 0, IPv4: 4, IPv6: 0, 最小延迟: 117 ms, 最高速率: 1.40 M/s, 平均速率: 0.00 M/s, 最高分辨率: 800x600, 平均帧率: 24.00, 视频编解码器: h264, 音频编解码器: aac
分类: 📚┃动画频道, 名称: 蜡笔小新, 有效: 0, IPv4: 1, IPv6: 0, 最小延迟: 640 ms, 最高速率: 0.95 M/s, 平均速率: 0.00 M/s, 最高分辨率: 1024x784, 平均帧率: 25.00, 视频编解码器: h264, 音频编解码器: aac
分类: 🏛┃经典剧场, 名称: 三国演义, 有效: 0, IPv4: 3, IPv6: 0, 最小延迟: 733 ms, 最高速率: 1.07 M/s, 平均速率: 0.00 M/s, 最高分辨率: None, 平均帧率: 未知, 视频编解码器: 未知, 音频编解码器: 未知
分类: 🏛┃经典剧场, 名称: 水浒传, 有效: 0, IPv4: 3, IPv6: 0, 最小延迟: 1123 ms, 最高速率: 0.49 M/s, 平均速率: 0.00 M/s, 最高分辨率: None, 平均帧率: 未知, 视频编解码器: 未知, 音频编解码器: 未知
分类: 🏛┃经典剧场, 名称: 鹿鼎记, 有效: 1, IPv4: 4, IPv6: 0, 最小延迟: 562 ms, 最高速率: 0.64 M/s, 平均速率: 0.37 M/s, 最高分辨率: 1280x720, 平均帧率: 未知, 视频编解码器: 未知, 音频编解码器: 未知
分类: 🏛┃经典剧场, 名称: 西游记, 有效: 0, IPv4: 7, IPv6: 0, 最小延迟: 997 ms, 最高速率: 1.55 M/s, 平均速率: 0.00 M/s, 最高分辨率: 704x534, 平均帧率: 25.00, 视频编解码器: h264, 音频编解码器: aac
分类: 🏛┃经典剧场, 名称: 封神榜, 有效: 1, IPv4: 5, IPv6: 0, 最小延迟: 551 ms, 最高速率: 0.21 M/s, 平均速率: 0.21 M/s, 最高分辨率: 1920x1080, 平均帧率: 未知, 视频编解码器: 未知, 音频编解码器: 未知
分类: 🏛┃经典剧场, 名称: 新白娘子传奇, 有效: 0, IPv4: 3, IPv6: 0, 最小延迟: 724 ms, 最高速率: 0.11 M/s, 平均速率: 0.00 M/s, 最高分辨率: 800x600, 平均帧率: 24.00, 视频编解码器: h264, 音频编解码器: aac
分类: 🏛┃经典剧场, 名称: 射雕英雄传, 有效: 0, IPv4: 1, IPv6: 0, 最小延迟: -1 ms, 最高速率: 0.00 M/s, 平均速率: 0.00 M/s, 最高分辨率: None, 平均帧率: 未知, 视频编解码器: 未知, 音频编解码器: 未知
分类: 🏛┃经典剧场, 名称: 上海滩, 有效: 0, IPv4: 1, IPv6: 0, 最小延迟: -1 ms, 最高速率: 0.00 M/s, 平均速率: 0.00 M/s, 最高分辨率: None, 平均帧率: 未知, 视频编解码器: 未知, 音频编解码器: 未知
分类: 🏛┃经典剧场, 名称: 闯关东, 有效: 0, IPv4: 1, IPv6: 0, 最小延迟: -1 ms, 最高速率: 0.00 M/s, 平均速率: 0.00 M/s, 最高分辨率: None, 平均帧率: 未知, 视频编解码器: 未知, 音频编解码器: 未知
